Copyright 1986-2022 Xilinx, Inc. All Rights Reserved.
-----------------------------------------------------------------------------------------------------------------------------------------------------------------------------------------------------------------------------------
| Tool Version      : Vivado v.2022.2 (win64) Build 3671981 Fri Oct 14 05:00:03 MDT 2022
| Date              : Sun Feb  8 18:47:52 2026
| Host              : MSI running 64-bit major release  (build 9200)
| Command           : report_timing_summary -max_paths 10 -report_unconstrained -file HQC_wrapper_timing_summary_routed.rpt -pb HQC_wrapper_timing_summary_routed.pb -rpx HQC_wrapper_timing_summary_routed.rpx -warn_on_violation
| Design            : HQC_wrapper
| Device            : xck26-sfvc784
| Speed File        : -2LV  PRODUCTION 1.30 05-15-2022
| Temperature Grade : C
-----------------------------------------------------------------------------------------------------------------------------------------------------------------------------------------------------------------------------------

Timing Summary Report

------------------------------------------------------------------------------------------------
| Timer Settings
| --------------
------------------------------------------------------------------------------------------------

  Enable Multi Corner Analysis               :  Yes
  Enable Pessimism Removal                   :  Yes
  Pessimism Removal Resolution               :  Nearest Common Node
  Enable Input Delay Default Clock           :  No
  Enable Preset / Clear Arcs                 :  No
  Disable Flight Delays                      :  No
  Ignore I/O Paths                           :  No
  Timing Early Launch at Borrowing Latches   :  No
  Borrow Time for Max Delay Exceptions       :  Yes
  Merge Timing Exceptions                    :  Yes

  Corner  Analyze    Analyze    
  Name    Max Paths  Min Paths  
  ------  ---------  ---------  
  Slow    Yes        Yes        
  Fast    Yes        Yes        


------------------------------------------------------------------------------------------------
| Report Methodology
| ------------------
------------------------------------------------------------------------------------------------

Rule       Severity          Description                              Violations  
---------  ----------------  ---------------------------------------  ----------  
TIMING-17  Critical Warning  Non-clocked sequential cell              1000        
SYNTH-4    Warning           Shallow depth for a dedicated block RAM  8           
TIMING-20  Warning           Non-clocked latch                        252         
LATCH-1    Advisory          Existing latches in the design           1           

Note: This report is based on the most recent report_methodology run and may not be up-to-date. Run report_methodology on the current design for the latest report.



check_timing report

Table of Contents
-----------------
1. checking no_clock (16579)
2. checking constant_clock (0)
3. checking pulse_width_clock (0)
4. checking unconstrained_internal_endpoints (31156)
5. checking no_input_delay (56)
6. checking no_output_delay (32)
7. checking multiple_clock (0)
8. checking generated_clocks (0)
9. checking loops (0)
10. checking partial_input_delay (0)
11. checking partial_output_delay (0)
12. checking latch_loops (0)

1. checking no_clock (16579)
----------------------------
 There are 11109 register/latch pins with no clock driven by root clock pin: clk (HIGH)

 There are 172 register/latch pins with no clock driven by root clock pin: gpio_ctrl[2] (HIGH)

 There are 172 register/latch pins with no clock driven by root clock pin: gpio_ctrl[3] (HIGH)

 There is 1 register/latch pin with no clock driven by root clock pin: DUT/DECAP_MODULE/ENCAP_FOR_RENCRYPT/ENCRYPT/ENCODE/REED_SOLOMON_CODE/FSM_onehot_state_reg[0]/Q (HIGH)

 There is 1 register/latch pin with no clock driven by root clock pin: DUT/DECAP_MODULE/ENCAP_FOR_RENCRYPT/ENCRYPT/ENCODE/REED_SOLOMON_CODE/FSM_onehot_state_reg[1]/Q (HIGH)

 There is 1 register/latch pin with no clock driven by root clock pin: DUT/DECAP_MODULE/ENCAP_FOR_RENCRYPT/ENCRYPT/ENCODE/REED_SOLOMON_CODE/FSM_onehot_state_reg[2]/Q (HIGH)

 There is 1 register/latch pin with no clock driven by root clock pin: DUT/DECAP_MODULE/ENCAP_FOR_RENCRYPT/ENCRYPT/ENCODE/REED_SOLOMON_CODE/FSM_onehot_state_reg[3]/Q (HIGH)

 There are 3 register/latch pins with no clock driven by root clock pin: DUT/DECAP_MODULE/ENCAP_FOR_RENCRYPT/ENCRYPT/FIXEDWEIGHT/FSM_onehot_state_shake_reg[0]/Q (HIGH)

 There are 35 register/latch pins with no clock driven by root clock pin: DUT/DECAP_MODULE/ENCAP_FOR_RENCRYPT/ENCRYPT/FIXEDWEIGHT/FSM_onehot_state_shake_reg[1]/Q (HIGH)

 There are 35 register/latch pins with no clock driven by root clock pin: DUT/DECAP_MODULE/ENCAP_FOR_RENCRYPT/ENCRYPT/FIXEDWEIGHT/FSM_onehot_state_shake_reg[2]/Q (HIGH)

 There are 35 register/latch pins with no clock driven by root clock pin: DUT/DECAP_MODULE/ENCAP_FOR_RENCRYPT/ENCRYPT/FIXEDWEIGHT/FSM_onehot_state_shake_reg[3]/Q (HIGH)

 There are 35 register/latch pins with no clock driven by root clock pin: DUT/DECAP_MODULE/ENCAP_FOR_RENCRYPT/ENCRYPT/FIXEDWEIGHT/FSM_onehot_state_shake_reg[4]/Q (HIGH)

 There are 35 register/latch pins with no clock driven by root clock pin: DUT/DECAP_MODULE/ENCAP_FOR_RENCRYPT/ENCRYPT/FIXEDWEIGHT/FSM_onehot_state_shake_reg[5]/Q (HIGH)

 There are 35 register/latch pins with no clock driven by root clock pin: DUT/DECAP_MODULE/ENCAP_FOR_RENCRYPT/ENCRYPT/FIXEDWEIGHT/FSM_onehot_state_shake_reg[6]/Q (HIGH)

 There are 35 register/latch pins with no clock driven by root clock pin: DUT/DECAP_MODULE/ENCAP_FOR_RENCRYPT/ENCRYPT/FIXEDWEIGHT/FSM_onehot_state_shake_reg[7]/Q (HIGH)

 There are 3 register/latch pins with no clock driven by root clock pin: DUT/DECAP_MODULE/ENCAP_FOR_RENCRYPT/ENCRYPT/FIXEDWEIGHT/FSM_onehot_state_shake_reg[8]/Q (HIGH)

 There are 2 register/latch pins with no clock driven by root clock pin: DUT/DECAP_MODULE/ENCAP_FOR_RENCRYPT/ENCRYPT/FIXEDWEIGHT/FSM_sequential_ctx_state_reg[0]/Q (HIGH)

 There are 2 register/latch pins with no clock driven by root clock pin: DUT/DECAP_MODULE/ENCAP_FOR_RENCRYPT/ENCRYPT/FIXEDWEIGHT/FSM_sequential_ctx_state_reg[1]/Q (HIGH)

 There are 2 register/latch pins with no clock driven by root clock pin: DUT/DECAP_MODULE/ENCAP_FOR_RENCRYPT/ENCRYPT/FIXEDWEIGHT/FSM_sequential_ctx_state_reg[2]/Q (HIGH)

 There are 34 register/latch pins with no clock driven by root clock pin: DUT/DECAP_MODULE/ENCAP_FOR_RENCRYPT/ENCRYPT/FIXEDWEIGHT/count_steps_reg[0]/Q (HIGH)

 There are 5 register/latch pins with no clock driven by root clock pin: DUT/DECAP_MODULE/ENCAP_FOR_RENCRYPT/ENCRYPT/FIXEDWEIGHT/onegen_instance/state_reg[0]/Q (HIGH)

 There are 5 register/latch pins with no clock driven by root clock pin: DUT/DECAP_MODULE/ENCAP_FOR_RENCRYPT/ENCRYPT/FIXEDWEIGHT/onegen_instance/state_reg[1]/Q (HIGH)

 There are 5 register/latch pins with no clock driven by root clock pin: DUT/DECAP_MODULE/ENCAP_FOR_RENCRYPT/ENCRYPT/FIXEDWEIGHT/onegen_instance/state_reg[2]/Q (HIGH)

 There are 5 register/latch pins with no clock driven by root clock pin: DUT/DECAP_MODULE/ENCAP_FOR_RENCRYPT/ENCRYPT/FIXEDWEIGHT/onegen_instance/state_reg[3]/Q (HIGH)

 There are 3 register/latch pins with no clock driven by root clock pin: DUT/DECAP_MODULE/ENCAP_FOR_RENCRYPT/ENCRYPT/FIXEDWEIGHT/red_state_reg[0]/Q (HIGH)

 There are 3 register/latch pins with no clock driven by root clock pin: DUT/DECAP_MODULE/ENCAP_FOR_RENCRYPT/ENCRYPT/FIXEDWEIGHT/red_state_reg[1]/Q (HIGH)

 There are 3 register/latch pins with no clock driven by root clock pin: DUT/DECAP_MODULE/ENCAP_FOR_RENCRYPT/ENCRYPT/FIXEDWEIGHT/red_state_reg[2]/Q (HIGH)

 There are 3 register/latch pins with no clock driven by root clock pin: DUT/DECAP_MODULE/ENCAP_FOR_RENCRYPT/ENCRYPT/FIXEDWEIGHT/red_state_reg[3]/Q (HIGH)

 There are 32 register/latch pins with no clock driven by root clock pin: DUT/DECAP_MODULE/ENCAP_FOR_RENCRYPT/ENCRYPT/FIXEDWEIGHT/squeeze_ctrl_reg/Q (HIGH)

 There is 1 register/latch pin with no clock driven by root clock pin: DUT/DECAP_MODULE/ENCAP_FOR_RENCRYPT/ENCRYPT/FSM_onehot_trx_state_reg[0]/Q (HIGH)

 There is 1 register/latch pin with no clock driven by root clock pin: DUT/DECAP_MODULE/ENCAP_FOR_RENCRYPT/ENCRYPT/FSM_onehot_trx_state_reg[1]/Q (HIGH)

 There is 1 register/latch pin with no clock driven by root clock pin: DUT/DECAP_MODULE/ENCAP_FOR_RENCRYPT/ENCRYPT/FSM_onehot_trx_state_reg[2]/Q (HIGH)

 There are 32 register/latch pins with no clock driven by root clock pin: DUT/DECAP_MODULE/ENCAP_FOR_RENCRYPT/FSM_onehot_h_state_reg[2]/Q (HIGH)

 There are 32 register/latch pins with no clock driven by root clock pin: DUT/DECAP_MODULE/ENCAP_FOR_RENCRYPT/FSM_onehot_h_state_reg[3]/Q (HIGH)

 There are 32 register/latch pins with no clock driven by root clock pin: DUT/DECAP_MODULE/ENCAP_FOR_RENCRYPT/FSM_onehot_h_state_reg[5]/Q (HIGH)

 There are 14 register/latch pins with no clock driven by root clock pin: DUT/DECAP_MODULE/ENCAP_FOR_RENCRYPT/FSM_onehot_state_reg[0]/Q (HIGH)

 There are 186 register/latch pins with no clock driven by root clock pin: DUT/DECAP_MODULE/ENCAP_FOR_RENCRYPT/FSM_onehot_state_reg[10]/Q (HIGH)

 There are 14 register/latch pins with no clock driven by root clock pin: DUT/DECAP_MODULE/ENCAP_FOR_RENCRYPT/FSM_onehot_state_reg[11]/Q (HIGH)

 There are 14 register/latch pins with no clock driven by root clock pin: DUT/DECAP_MODULE/ENCAP_FOR_RENCRYPT/FSM_onehot_state_reg[12]/Q (HIGH)

 There are 14 register/latch pins with no clock driven by root clock pin: DUT/DECAP_MODULE/ENCAP_FOR_RENCRYPT/FSM_onehot_state_reg[13]/Q (HIGH)

 There are 14 register/latch pins with no clock driven by root clock pin: DUT/DECAP_MODULE/ENCAP_FOR_RENCRYPT/FSM_onehot_state_reg[16]/Q (HIGH)

 There are 14 register/latch pins with no clock driven by root clock pin: DUT/DECAP_MODULE/ENCAP_FOR_RENCRYPT/FSM_onehot_state_reg[17]/Q (HIGH)

 There are 14 register/latch pins with no clock driven by root clock pin: DUT/DECAP_MODULE/ENCAP_FOR_RENCRYPT/FSM_onehot_state_reg[18]/Q (HIGH)

 There are 185 register/latch pins with no clock driven by root clock pin: DUT/DECAP_MODULE/ENCAP_FOR_RENCRYPT/FSM_onehot_state_reg[19]/Q (HIGH)

 There are 14 register/latch pins with no clock driven by root clock pin: DUT/DECAP_MODULE/ENCAP_FOR_RENCRYPT/FSM_onehot_state_reg[1]/Q (HIGH)

 There are 14 register/latch pins with no clock driven by root clock pin: DUT/DECAP_MODULE/ENCAP_FOR_RENCRYPT/FSM_onehot_state_reg[20]/Q (HIGH)

 There are 14 register/latch pins with no clock driven by root clock pin: DUT/DECAP_MODULE/ENCAP_FOR_RENCRYPT/FSM_onehot_state_reg[21]/Q (HIGH)

 There are 14 register/latch pins with no clock driven by root clock pin: DUT/DECAP_MODULE/ENCAP_FOR_RENCRYPT/FSM_onehot_state_reg[22]/Q (HIGH)

 There are 12 register/latch pins with no clock driven by root clock pin: DUT/DECAP_MODULE/ENCAP_FOR_RENCRYPT/FSM_onehot_state_reg[23]/Q (HIGH)

 There are 12 register/latch pins with no clock driven by root clock pin: DUT/DECAP_MODULE/ENCAP_FOR_RENCRYPT/FSM_onehot_state_reg[24]/Q (HIGH)

 There are 12 register/latch pins with no clock driven by root clock pin: DUT/DECAP_MODULE/ENCAP_FOR_RENCRYPT/FSM_onehot_state_reg[25]/Q (HIGH)

 There are 12 register/latch pins with no clock driven by root clock pin: DUT/DECAP_MODULE/ENCAP_FOR_RENCRYPT/FSM_onehot_state_reg[26]/Q (HIGH)

 There are 14 register/latch pins with no clock driven by root clock pin: DUT/DECAP_MODULE/ENCAP_FOR_RENCRYPT/FSM_onehot_state_reg[2]/Q (HIGH)

 There are 14 register/latch pins with no clock driven by root clock pin: DUT/DECAP_MODULE/ENCAP_FOR_RENCRYPT/FSM_onehot_state_reg[3]/Q (HIGH)

 There are 14 register/latch pins with no clock driven by root clock pin: DUT/DECAP_MODULE/ENCAP_FOR_RENCRYPT/FSM_onehot_state_reg[4]/Q (HIGH)

 There are 14 register/latch pins with no clock driven by root clock pin: DUT/DECAP_MODULE/ENCAP_FOR_RENCRYPT/FSM_onehot_state_reg[5]/Q (HIGH)

 There are 186 register/latch pins with no clock driven by root clock pin: DUT/DECAP_MODULE/ENCAP_FOR_RENCRYPT/FSM_onehot_state_reg[6]/Q (HIGH)

 There are 11 register/latch pins with no clock driven by root clock pin: DUT/DECAP_MODULE/ENCAP_FOR_RENCRYPT/FSM_onehot_state_reg[7]/Q (HIGH)

 There are 14 register/latch pins with no clock driven by root clock pin: DUT/DECAP_MODULE/ENCAP_FOR_RENCRYPT/FSM_onehot_state_reg[8]/Q (HIGH)

 There are 14 register/latch pins with no clock driven by root clock pin: DUT/DECAP_MODULE/ENCAP_FOR_RENCRYPT/FSM_onehot_state_reg[9]/Q (HIGH)

 There is 1 register/latch pin with no clock driven by root clock pin: DUT/DECAP_MODULE/ENCAP_FOR_RENCRYPT/count_hash_inputs_reg[10]/Q (HIGH)

 There is 1 register/latch pin with no clock driven by root clock pin: DUT/DECAP_MODULE/ENCAP_FOR_RENCRYPT/count_hash_inputs_reg[11]/Q (HIGH)

 There is 1 register/latch pin with no clock driven by root clock pin: DUT/DECAP_MODULE/ENCAP_FOR_RENCRYPT/count_hash_inputs_reg[2]/Q (HIGH)

 There is 1 register/latch pin with no clock driven by root clock pin: DUT/DECAP_MODULE/ENCAP_FOR_RENCRYPT/count_hash_inputs_reg[3]/Q (HIGH)

 There is 1 register/latch pin with no clock driven by root clock pin: DUT/DECAP_MODULE/ENCAP_FOR_RENCRYPT/count_hash_inputs_reg[4]/Q (HIGH)

 There is 1 register/latch pin with no clock driven by root clock pin: DUT/DECAP_MODULE/ENCAP_FOR_RENCRYPT/count_hash_inputs_reg[5]/Q (HIGH)

 There is 1 register/latch pin with no clock driven by root clock pin: DUT/DECAP_MODULE/ENCAP_FOR_RENCRYPT/count_hash_inputs_reg[6]/Q (HIGH)

 There is 1 register/latch pin with no clock driven by root clock pin: DUT/DECAP_MODULE/ENCAP_FOR_RENCRYPT/count_hash_inputs_reg[7]/Q (HIGH)

 There is 1 register/latch pin with no clock driven by root clock pin: DUT/DECAP_MODULE/ENCAP_FOR_RENCRYPT/count_hash_inputs_reg[8]/Q (HIGH)

 There is 1 register/latch pin with no clock driven by root clock pin: DUT/DECAP_MODULE/ENCAP_FOR_RENCRYPT/count_hash_inputs_reg[9]/Q (HIGH)

 There are 32 register/latch pins with no clock driven by root clock pin: DUT/DECAP_MODULE/ENCAP_FOR_RENCRYPT/hash_processing_reg/Q (HIGH)

 There are 172 register/latch pins with no clock driven by root clock pin: DUT/DECAP_MODULE/ENCAP_FOR_RENCRYPT/theta_addr_reg[0]/Q (HIGH)

 There are 172 register/latch pins with no clock driven by root clock pin: DUT/DECAP_MODULE/ENCAP_FOR_RENCRYPT/theta_addr_reg[1]/Q (HIGH)

 There are 172 register/latch pins with no clock driven by root clock pin: DUT/DECAP_MODULE/ENCAP_FOR_RENCRYPT/theta_addr_reg[2]/Q (HIGH)

 There are 172 register/latch pins with no clock driven by root clock pin: DUT/DECAP_MODULE/ENCAP_FOR_RENCRYPT/theta_addr_reg[3]/Q (HIGH)

 There is 1 register/latch pin with no clock driven by root clock pin: DUT/ENCAP_MODULE/ENCRYPT/ENCODE/REED_SOLOMON_CODE/FSM_onehot_state_reg[0]/Q (HIGH)

 There is 1 register/latch pin with no clock driven by root clock pin: DUT/ENCAP_MODULE/ENCRYPT/ENCODE/REED_SOLOMON_CODE/FSM_onehot_state_reg[1]/Q (HIGH)

 There is 1 register/latch pin with no clock driven by root clock pin: DUT/ENCAP_MODULE/ENCRYPT/ENCODE/REED_SOLOMON_CODE/FSM_onehot_state_reg[2]/Q (HIGH)

 There is 1 register/latch pin with no clock driven by root clock pin: DUT/ENCAP_MODULE/ENCRYPT/ENCODE/REED_SOLOMON_CODE/FSM_onehot_state_reg[3]/Q (HIGH)

 There are 3 register/latch pins with no clock driven by root clock pin: DUT/ENCAP_MODULE/ENCRYPT/FIXEDWEIGHT/FSM_onehot_state_shake_reg[0]/Q (HIGH)

 There are 35 register/latch pins with no clock driven by root clock pin: DUT/ENCAP_MODULE/ENCRYPT/FIXEDWEIGHT/FSM_onehot_state_shake_reg[1]/Q (HIGH)

 There are 35 register/latch pins with no clock driven by root clock pin: DUT/ENCAP_MODULE/ENCRYPT/FIXEDWEIGHT/FSM_onehot_state_shake_reg[2]/Q (HIGH)

 There are 35 register/latch pins with no clock driven by root clock pin: DUT/ENCAP_MODULE/ENCRYPT/FIXEDWEIGHT/FSM_onehot_state_shake_reg[3]/Q (HIGH)

 There are 35 register/latch pins with no clock driven by root clock pin: DUT/ENCAP_MODULE/ENCRYPT/FIXEDWEIGHT/FSM_onehot_state_shake_reg[4]/Q (HIGH)

 There are 35 register/latch pins with no clock driven by root clock pin: DUT/ENCAP_MODULE/ENCRYPT/FIXEDWEIGHT/FSM_onehot_state_shake_reg[5]/Q (HIGH)

 There are 35 register/latch pins with no clock driven by root clock pin: DUT/ENCAP_MODULE/ENCRYPT/FIXEDWEIGHT/FSM_onehot_state_shake_reg[6]/Q (HIGH)

 There are 35 register/latch pins with no clock driven by root clock pin: DUT/ENCAP_MODULE/ENCRYPT/FIXEDWEIGHT/FSM_onehot_state_shake_reg[7]/Q (HIGH)

 There are 3 register/latch pins with no clock driven by root clock pin: DUT/ENCAP_MODULE/ENCRYPT/FIXEDWEIGHT/FSM_onehot_state_shake_reg[8]/Q (HIGH)

 There are 2 register/latch pins with no clock driven by root clock pin: DUT/ENCAP_MODULE/ENCRYPT/FIXEDWEIGHT/FSM_sequential_ctx_state_reg[0]/Q (HIGH)

 There are 2 register/latch pins with no clock driven by root clock pin: DUT/ENCAP_MODULE/ENCRYPT/FIXEDWEIGHT/FSM_sequential_ctx_state_reg[1]/Q (HIGH)

 There are 2 register/latch pins with no clock driven by root clock pin: DUT/ENCAP_MODULE/ENCRYPT/FIXEDWEIGHT/FSM_sequential_ctx_state_reg[2]/Q (HIGH)

 There are 34 register/latch pins with no clock driven by root clock pin: DUT/ENCAP_MODULE/ENCRYPT/FIXEDWEIGHT/count_steps_reg[0]/Q (HIGH)

 There are 5 register/latch pins with no clock driven by root clock pin: DUT/ENCAP_MODULE/ENCRYPT/FIXEDWEIGHT/onegen_instance/state_reg[0]/Q (HIGH)

 There are 5 register/latch pins with no clock driven by root clock pin: DUT/ENCAP_MODULE/ENCRYPT/FIXEDWEIGHT/onegen_instance/state_reg[1]/Q (HIGH)

 There are 5 register/latch pins with no clock driven by root clock pin: DUT/ENCAP_MODULE/ENCRYPT/FIXEDWEIGHT/onegen_instance/state_reg[2]/Q (HIGH)

 There are 5 register/latch pins with no clock driven by root clock pin: DUT/ENCAP_MODULE/ENCRYPT/FIXEDWEIGHT/onegen_instance/state_reg[3]/Q (HIGH)

 There are 3 register/latch pins with no clock driven by root clock pin: DUT/ENCAP_MODULE/ENCRYPT/FIXEDWEIGHT/red_state_reg[0]/Q (HIGH)

 There are 3 register/latch pins with no clock driven by root clock pin: DUT/ENCAP_MODULE/ENCRYPT/FIXEDWEIGHT/red_state_reg[1]/Q (HIGH)

 There are 3 register/latch pins with no clock driven by root clock pin: DUT/ENCAP_MODULE/ENCRYPT/FIXEDWEIGHT/red_state_reg[2]/Q (HIGH)

 There are 3 register/latch pins with no clock driven by root clock pin: DUT/ENCAP_MODULE/ENCRYPT/FIXEDWEIGHT/red_state_reg[3]/Q (HIGH)

 There are 32 register/latch pins with no clock driven by root clock pin: DUT/ENCAP_MODULE/ENCRYPT/FIXEDWEIGHT/squeeze_ctrl_reg/Q (HIGH)

 There is 1 register/latch pin with no clock driven by root clock pin: DUT/ENCAP_MODULE/ENCRYPT/FSM_onehot_trx_state_reg[0]/Q (HIGH)

 There is 1 register/latch pin with no clock driven by root clock pin: DUT/ENCAP_MODULE/ENCRYPT/FSM_onehot_trx_state_reg[1]/Q (HIGH)

 There is 1 register/latch pin with no clock driven by root clock pin: DUT/ENCAP_MODULE/ENCRYPT/FSM_onehot_trx_state_reg[2]/Q (HIGH)

 There are 32 register/latch pins with no clock driven by root clock pin: DUT/ENCAP_MODULE/FSM_onehot_h_state_reg[2]/Q (HIGH)

 There are 32 register/latch pins with no clock driven by root clock pin: DUT/ENCAP_MODULE/FSM_onehot_h_state_reg[3]/Q (HIGH)

 There are 32 register/latch pins with no clock driven by root clock pin: DUT/ENCAP_MODULE/FSM_onehot_h_state_reg[5]/Q (HIGH)

 There are 14 register/latch pins with no clock driven by root clock pin: DUT/ENCAP_MODULE/FSM_onehot_state_reg[0]/Q (HIGH)

 There are 186 register/latch pins with no clock driven by root clock pin: DUT/ENCAP_MODULE/FSM_onehot_state_reg[10]/Q (HIGH)

 There are 14 register/latch pins with no clock driven by root clock pin: DUT/ENCAP_MODULE/FSM_onehot_state_reg[11]/Q (HIGH)

 There are 14 register/latch pins with no clock driven by root clock pin: DUT/ENCAP_MODULE/FSM_onehot_state_reg[12]/Q (HIGH)

 There are 14 register/latch pins with no clock driven by root clock pin: DUT/ENCAP_MODULE/FSM_onehot_state_reg[13]/Q (HIGH)

 There are 14 register/latch pins with no clock driven by root clock pin: DUT/ENCAP_MODULE/FSM_onehot_state_reg[16]/Q (HIGH)

 There are 14 register/latch pins with no clock driven by root clock pin: DUT/ENCAP_MODULE/FSM_onehot_state_reg[17]/Q (HIGH)

 There are 14 register/latch pins with no clock driven by root clock pin: DUT/ENCAP_MODULE/FSM_onehot_state_reg[18]/Q (HIGH)

 There are 185 register/latch pins with no clock driven by root clock pin: DUT/ENCAP_MODULE/FSM_onehot_state_reg[19]/Q (HIGH)

 There are 14 register/latch pins with no clock driven by root clock pin: DUT/ENCAP_MODULE/FSM_onehot_state_reg[1]/Q (HIGH)

 There are 14 register/latch pins with no clock driven by root clock pin: DUT/ENCAP_MODULE/FSM_onehot_state_reg[20]/Q (HIGH)

 There are 14 register/latch pins with no clock driven by root clock pin: DUT/ENCAP_MODULE/FSM_onehot_state_reg[21]/Q (HIGH)

 There are 14 register/latch pins with no clock driven by root clock pin: DUT/ENCAP_MODULE/FSM_onehot_state_reg[22]/Q (HIGH)

 There are 12 register/latch pins with no clock driven by root clock pin: DUT/ENCAP_MODULE/FSM_onehot_state_reg[23]/Q (HIGH)

 There are 12 register/latch pins with no clock driven by root clock pin: DUT/ENCAP_MODULE/FSM_onehot_state_reg[24]/Q (HIGH)

 There are 12 register/latch pins with no clock driven by root clock pin: DUT/ENCAP_MODULE/FSM_onehot_state_reg[25]/Q (HIGH)

 There are 12 register/latch pins with no clock driven by root clock pin: DUT/ENCAP_MODULE/FSM_onehot_state_reg[26]/Q (HIGH)

 There are 14 register/latch pins with no clock driven by root clock pin: DUT/ENCAP_MODULE/FSM_onehot_state_reg[2]/Q (HIGH)

 There are 14 register/latch pins with no clock driven by root clock pin: DUT/ENCAP_MODULE/FSM_onehot_state_reg[3]/Q (HIGH)

 There are 14 register/latch pins with no clock driven by root clock pin: DUT/ENCAP_MODULE/FSM_onehot_state_reg[4]/Q (HIGH)

 There are 14 register/latch pins with no clock driven by root clock pin: DUT/ENCAP_MODULE/FSM_onehot_state_reg[5]/Q (HIGH)

 There are 186 register/latch pins with no clock driven by root clock pin: DUT/ENCAP_MODULE/FSM_onehot_state_reg[6]/Q (HIGH)

 There are 11 register/latch pins with no clock driven by root clock pin: DUT/ENCAP_MODULE/FSM_onehot_state_reg[7]/Q (HIGH)

 There are 14 register/latch pins with no clock driven by root clock pin: DUT/ENCAP_MODULE/FSM_onehot_state_reg[8]/Q (HIGH)

 There are 14 register/latch pins with no clock driven by root clock pin: DUT/ENCAP_MODULE/FSM_onehot_state_reg[9]/Q (HIGH)

 There is 1 register/latch pin with no clock driven by root clock pin: DUT/ENCAP_MODULE/count_hash_inputs_reg[10]/Q (HIGH)

 There is 1 register/latch pin with no clock driven by root clock pin: DUT/ENCAP_MODULE/count_hash_inputs_reg[11]/Q (HIGH)

 There is 1 register/latch pin with no clock driven by root clock pin: DUT/ENCAP_MODULE/count_hash_inputs_reg[2]/Q (HIGH)

 There is 1 register/latch pin with no clock driven by root clock pin: DUT/ENCAP_MODULE/count_hash_inputs_reg[3]/Q (HIGH)

 There is 1 register/latch pin with no clock driven by root clock pin: DUT/ENCAP_MODULE/count_hash_inputs_reg[4]/Q (HIGH)

 There is 1 register/latch pin with no clock driven by root clock pin: DUT/ENCAP_MODULE/count_hash_inputs_reg[5]/Q (HIGH)

 There is 1 register/latch pin with no clock driven by root clock pin: DUT/ENCAP_MODULE/count_hash_inputs_reg[6]/Q (HIGH)

 There is 1 register/latch pin with no clock driven by root clock pin: DUT/ENCAP_MODULE/count_hash_inputs_reg[7]/Q (HIGH)

 There is 1 register/latch pin with no clock driven by root clock pin: DUT/ENCAP_MODULE/count_hash_inputs_reg[8]/Q (HIGH)

 There is 1 register/latch pin with no clock driven by root clock pin: DUT/ENCAP_MODULE/count_hash_inputs_reg[9]/Q (HIGH)

 There are 32 register/latch pins with no clock driven by root clock pin: DUT/ENCAP_MODULE/hash_processing_reg/Q (HIGH)

 There are 172 register/latch pins with no clock driven by root clock pin: DUT/ENCAP_MODULE/theta_addr_reg[0]/Q (HIGH)

 There are 172 register/latch pins with no clock driven by root clock pin: DUT/ENCAP_MODULE/theta_addr_reg[1]/Q (HIGH)

 There are 172 register/latch pins with no clock driven by root clock pin: DUT/ENCAP_MODULE/theta_addr_reg[2]/Q (HIGH)

 There are 172 register/latch pins with no clock driven by root clock pin: DUT/ENCAP_MODULE/theta_addr_reg[3]/Q (HIGH)

 There are 3 register/latch pins with no clock driven by root clock pin: DUT/KEYGEN_MODULE/FIXEDWEIGHT/FSM_onehot_state_shake_reg[0]/Q (HIGH)

 There are 3 register/latch pins with no clock driven by root clock pin: DUT/KEYGEN_MODULE/FIXEDWEIGHT/FSM_onehot_state_shake_reg[1]/Q (HIGH)

 There are 3 register/latch pins with no clock driven by root clock pin: DUT/KEYGEN_MODULE/FIXEDWEIGHT/FSM_onehot_state_shake_reg[2]/Q (HIGH)

 There are 3 register/latch pins with no clock driven by root clock pin: DUT/KEYGEN_MODULE/FIXEDWEIGHT/FSM_onehot_state_shake_reg[3]/Q (HIGH)

 There are 3 register/latch pins with no clock driven by root clock pin: DUT/KEYGEN_MODULE/FIXEDWEIGHT/FSM_onehot_state_shake_reg[4]/Q (HIGH)

 There are 3 register/latch pins with no clock driven by root clock pin: DUT/KEYGEN_MODULE/FIXEDWEIGHT/FSM_onehot_state_shake_reg[5]/Q (HIGH)

 There are 3 register/latch pins with no clock driven by root clock pin: DUT/KEYGEN_MODULE/FIXEDWEIGHT/FSM_onehot_state_shake_reg[6]/Q (HIGH)

 There are 3 register/latch pins with no clock driven by root clock pin: DUT/KEYGEN_MODULE/FIXEDWEIGHT/FSM_onehot_state_shake_reg[7]/Q (HIGH)

 There are 3 register/latch pins with no clock driven by root clock pin: DUT/KEYGEN_MODULE/FIXEDWEIGHT/FSM_onehot_state_shake_reg[8]/Q (HIGH)

 There are 2 register/latch pins with no clock driven by root clock pin: DUT/KEYGEN_MODULE/FIXEDWEIGHT/FSM_sequential_ctx_state_reg[0]/Q (HIGH)

 There are 2 register/latch pins with no clock driven by root clock pin: DUT/KEYGEN_MODULE/FIXEDWEIGHT/FSM_sequential_ctx_state_reg[1]/Q (HIGH)

 There are 2 register/latch pins with no clock driven by root clock pin: DUT/KEYGEN_MODULE/FIXEDWEIGHT/FSM_sequential_ctx_state_reg[2]/Q (HIGH)

 There are 2 register/latch pins with no clock driven by root clock pin: DUT/KEYGEN_MODULE/FIXEDWEIGHT/count_steps_reg[0]/Q (HIGH)

 There is 1 register/latch pin with no clock driven by root clock pin: DUT/KEYGEN_MODULE/FIXEDWEIGHT/onegen_instance/done_s_reg/Q (HIGH)

 There are 5 register/latch pins with no clock driven by root clock pin: DUT/KEYGEN_MODULE/FIXEDWEIGHT/onegen_instance/state_reg[0]/Q (HIGH)

 There are 5 register/latch pins with no clock driven by root clock pin: DUT/KEYGEN_MODULE/FIXEDWEIGHT/onegen_instance/state_reg[1]/Q (HIGH)

 There are 5 register/latch pins with no clock driven by root clock pin: DUT/KEYGEN_MODULE/FIXEDWEIGHT/onegen_instance/state_reg[2]/Q (HIGH)

 There are 5 register/latch pins with no clock driven by root clock pin: DUT/KEYGEN_MODULE/FIXEDWEIGHT/onegen_instance/state_reg[3]/Q (HIGH)

 There are 3 register/latch pins with no clock driven by root clock pin: DUT/KEYGEN_MODULE/FIXEDWEIGHT/red_state_reg[0]/Q (HIGH)

 There are 3 register/latch pins with no clock driven by root clock pin: DUT/KEYGEN_MODULE/FIXEDWEIGHT/red_state_reg[1]/Q (HIGH)

 There are 3 register/latch pins with no clock driven by root clock pin: DUT/KEYGEN_MODULE/FIXEDWEIGHT/red_state_reg[2]/Q (HIGH)

 There are 3 register/latch pins with no clock driven by root clock pin: DUT/KEYGEN_MODULE/FIXEDWEIGHT/red_state_reg[3]/Q (HIGH)

 There are 5 register/latch pins with no clock driven by root clock pin: DUT/KEYGEN_MODULE/FSM_onehot_state_reg[0]/Q (HIGH)

 There are 5 register/latch pins with no clock driven by root clock pin: DUT/KEYGEN_MODULE/FSM_onehot_state_reg[1]/Q (HIGH)

 There are 5 register/latch pins with no clock driven by root clock pin: DUT/KEYGEN_MODULE/FSM_onehot_state_reg[3]/Q (HIGH)

 There are 5 register/latch pins with no clock driven by root clock pin: DUT/KEYGEN_MODULE/FSM_onehot_state_reg[4]/Q (HIGH)

 There are 5 register/latch pins with no clock driven by root clock pin: DUT/KEYGEN_MODULE/FSM_onehot_state_reg[5]/Q (HIGH)

 There are 5 register/latch pins with no clock driven by root clock pin: DUT/KEYGEN_MODULE/FSM_onehot_state_reg[6]/Q (HIGH)

 There are 5 register/latch pins with no clock driven by root clock pin: DUT/KEYGEN_MODULE/FSM_onehot_state_reg[7]/Q (HIGH)

 There is 1 register/latch pin with no clock driven by root clock pin: DUT/KEYGEN_MODULE/FSM_onehot_trx_state_reg[0]/Q (HIGH)

 There is 1 register/latch pin with no clock driven by root clock pin: DUT/KEYGEN_MODULE/FSM_onehot_trx_state_reg[1]/Q (HIGH)

 There is 1 register/latch pin with no clock driven by root clock pin: DUT/KEYGEN_MODULE/FSM_onehot_trx_state_reg[2]/Q (HIGH)

 There are 2 register/latch pins with no clock driven by root clock pin: DUT/KEYGEN_MODULE/VECTSETRAND/count_steps_reg[0]/Q (HIGH)

 There are 2 register/latch pins with no clock driven by root clock pin: DUT/KEYGEN_MODULE/VECTSETRAND/state_shake_reg[0]/Q (HIGH)

 There are 2 register/latch pins with no clock driven by root clock pin: DUT/KEYGEN_MODULE/VECTSETRAND/state_shake_reg[1]/Q (HIGH)

 There are 2 register/latch pins with no clock driven by root clock pin: DUT/KEYGEN_MODULE/VECTSETRAND/state_shake_reg[2]/Q (HIGH)

 There are 32 register/latch pins with no clock driven by root clock pin: DUT/KEYGEN_MODULE/shake_din_valid_reg/Q (HIGH)

 There are 172 register/latch pins with no clock driven by root clock pin: DUT/KEYGEN_MODULE/shake_force_done_reg/Q (HIGH)

 There are 173 register/latch pins with no clock driven by root clock pin: DUT/SHAKE256/control_path_instance/FSM_sequential_current_state_reg[0]/Q (HIGH)

 There are 173 register/latch pins with no clock driven by root clock pin: DUT/SHAKE256/control_path_instance/FSM_sequential_current_state_reg[1]/Q (HIGH)

 There are 173 register/latch pins with no clock driven by root clock pin: DUT/SHAKE256/control_path_instance/FSM_sequential_current_state_reg[2]/Q (HIGH)

 There are 173 register/latch pins with no clock driven by root clock pin: DUT/SHAKE256/control_path_instance/FSM_sequential_current_state_reg[3]/Q (HIGH)

 There are 32 register/latch pins with no clock driven by root clock pin: DUT/SHAKE256/control_path_instance/din_ready_internal_reg/Q (HIGH)


2. checking constant_clock (0)
------------------------------
 There are 0 register/latch pins with constant_clock.


3. checking pulse_width_clock (0)
---------------------------------
 There are 0 register/latch pins which need pulse_width check


4. checking unconstrained_internal_endpoints (31156)
----------------------------------------------------
 There are 31156 pins that are not constrained for maximum delay. (HIGH)

 There are 0 pins that are not constrained for maximum delay due to constant clock.


5. checking no_input_delay (56)
-------------------------------
 There are 56 input ports with no input delay specified. (HIGH)

 There are 0 input ports with no input delay but user has a false path constraint.


6. checking no_output_delay (32)
--------------------------------
 There are 32 ports with no output delay specified. (HIGH)

 There are 0 ports with no output delay but user has a false path constraint

 There are 0 ports with no output delay but with a timing clock defined on it or propagating through it


7. checking multiple_clock (0)
------------------------------
 There are 0 register/latch pins with multiple clocks.


8. checking generated_clocks (0)
--------------------------------
 There are 0 generated clocks that are not connected to a clock source.


9. checking loops (0)
---------------------
 There are 0 combinational loops in the design.


10. checking partial_input_delay (0)
------------------------------------
 There are 0 input ports with partial input delay specified.


11. checking partial_output_delay (0)
-------------------------------------
 There are 0 ports with partial output delay specified.


12. checking latch_loops (0)
----------------------------
 There are 0 combinational latch loops in the design through latch input



------------------------------------------------------------------------------------------------
| Design Timing Summary
| ---------------------
------------------------------------------------------------------------------------------------

    WNS(ns)      TNS(ns)  TNS Failing Endpoints  TNS Total Endpoints      WHS(ns)      THS(ns)  THS Failing Endpoints  THS Total Endpoints     WPWS(ns)     TPWS(ns)  TPWS Failing Endpoints  TPWS Total Endpoints  
    -------      -------  ---------------------  -------------------      -------      -------  ---------------------  -------------------     --------     --------  ----------------------  --------------------  
        inf        0.000                      0                31188          inf        0.000                      0                31188           NA           NA                      NA                    NA  


There are no user specified timing constraints.


------------------------------------------------------------------------------------------------
| Clock Summary
| -------------
------------------------------------------------------------------------------------------------


------------------------------------------------------------------------------------------------
| Intra Clock Table
| -----------------
------------------------------------------------------------------------------------------------

Clock             WNS(ns)      TNS(ns)  TNS Failing Endpoints  TNS Total Endpoints      WHS(ns)      THS(ns)  THS Failing Endpoints  THS Total Endpoints     WPWS(ns)     TPWS(ns)  TPWS Failing Endpoints  TPWS Total Endpoints  
-----             -------      -------  ---------------------  -------------------      -------      -------  ---------------------  -------------------     --------     --------  ----------------------  --------------------  


------------------------------------------------------------------------------------------------
| Inter Clock Table
| -----------------
------------------------------------------------------------------------------------------------

From Clock    To Clock          WNS(ns)      TNS(ns)  TNS Failing Endpoints  TNS Total Endpoints      WHS(ns)      THS(ns)  THS Failing Endpoints  THS Total Endpoints  
----------    --------          -------      -------  ---------------------  -------------------      -------      -------  ---------------------  -------------------  


------------------------------------------------------------------------------------------------
| Other Path Groups Table
| -----------------------
------------------------------------------------------------------------------------------------

Path Group    From Clock    To Clock          WNS(ns)      TNS(ns)  TNS Failing Endpoints  TNS Total Endpoints      WHS(ns)      THS(ns)  THS Failing Endpoints  THS Total Endpoints  
----------    ----------    --------          -------      -------  ---------------------  -------------------      -------      -------  ---------------------  -------------------  


------------------------------------------------------------------------------------------------
| User Ignored Path Table
| -----------------------
------------------------------------------------------------------------------------------------

Path Group    From Clock    To Clock    
----------    ----------    --------    


------------------------------------------------------------------------------------------------
| Unconstrained Path Table
| ------------------------
------------------------------------------------------------------------------------------------

Path Group    From Clock    To Clock    
----------    ----------    --------    
(none)                                    


------------------------------------------------------------------------------------------------
| Timing Details
| --------------
------------------------------------------------------------------------------------------------


--------------------------------------------------------------------------------------
Path Group:  (none)
From Clock:  
  To Clock:  

Max Delay         31188 Endpoints
Min Delay         31188 Endpoints
--------------------------------------------------------------------------------------


Max Delay Paths
--------------------------------------------------------------------------------------
Slack:                    inf
  Source:                 gpio_ctrl[3]
                            (input port)
  Destination:            gpio_rdata[11]
                            (output port)
  Path Group:             (none)
  Path Type:              Max at Slow Process Corner
  Data Path Delay:        15.046ns  (logic 2.893ns (19.229%)  route 12.153ns (80.771%))
  Logic Levels:           9  (IBUFCTRL=1 INBUF=1 LUT3=2 LUT4=1 LUT5=1 LUT6=2 OBUF=1)

    Location             Delay type                Incr(ns)  Path(ns)    Netlist Resource(s)
  -------------------------------------------------------------------    -------------------
    A10                                               0.000     0.000 f  gpio_ctrl[3] (IN)
                         net (fo=0)                   0.000     0.000    gpio_ctrl_IBUF[3]_inst/I
    A10                  INBUF (Prop_INBUF_HDIOB_S_PAD_O)
                                                      1.022     1.022 f  gpio_ctrl_IBUF[3]_inst/INBUF_INST/O
                         net (fo=1, routed)           0.000     1.022    gpio_ctrl_IBUF[3]_inst/OUT
    A10                  IBUFCTRL (Prop_IBUFCTRL_HDIOB_S_I_O)
                                                      0.000     1.022 f  gpio_ctrl_IBUF[3]_inst/IBUFCTRL_INST/O
                         net (fo=326, routed)         3.942     4.964    DUT/ENCAP_MODULE/HASH_MEM/gpio_ctrl_IBUF[1]
    SLICE_X44Y84         LUT3 (Prop_D6LUT_SLICEL_I2_O)
                                                      0.152     5.116 r  DUT/ENCAP_MODULE/HASH_MEM/mem_reg_i_5__1/O
                         net (fo=137, routed)         1.359     6.475    DUT/ENCAP_MODULE/HASH_MEM/gpio_ctrl[14]
    SLICE_X49Y74         LUT4 (Prop_D5LUT_SLICEL_I1_O)
                                                      0.088     6.563 r  DUT/ENCAP_MODULE/HASH_MEM/u_v[95]_i_3/O
                         net (fo=224, routed)         1.688     8.250    DUT/ENCAP_MODULE/ENCRYPT/POLY_MULT/INTERLEAVED_RED_MEM/sel_uv_to_enc
    SLICE_X52Y76         LUT3 (Prop_B6LUT_SLICEL_I1_O)
                                                      0.224     8.474 r  DUT/ENCAP_MODULE/ENCRYPT/POLY_MULT/INTERLEAVED_RED_MEM/mem_reg_bram_0_i_75__1/O
                         net (fo=3, routed)           0.341     8.816    DUT/ENCAP_MODULE/ENCRYPT/POLY_MULT/INTERLEAVED_RED_MEM/u_v_int[11]
    SLICE_X52Y81         LUT5 (Prop_E6LUT_SLICEL_I0_O)
                                                      0.187     9.003 r  DUT/ENCAP_MODULE/ENCRYPT/POLY_MULT/INTERLEAVED_RED_MEM/gpio_rdata_OBUF[11]_inst_i_16/O
                         net (fo=1, routed)           0.857     9.860    DUT/DECAP_MODULE/ENCAP_FOR_RENCRYPT/ENCRYPT/POLY_MULT/INTERLEAVED_RED_MEM/encap_out_128[11]
    SLICE_X43Y87         LUT6 (Prop_G6LUT_SLICEM_I5_O)
                                                      0.152    10.012 r  DUT/DECAP_MODULE/ENCAP_FOR_RENCRYPT/ENCRYPT/POLY_MULT/INTERLEAVED_RED_MEM/gpio_rdata_OBUF[11]_inst_i_4/O
                         net (fo=1, routed)           0.564    10.576    DUT/DECAP_MODULE/ENCAP_FOR_RENCRYPT/ENCRYPT/POLY_MULT/INTERLEAVED_RED_MEM/gpio_rdata_OBUF[11]_inst_i_4_n_2
    SLICE_X27Y86         LUT6 (Prop_H6LUT_SLICEL_I2_O)
                                                      0.153    10.729 r  DUT/DECAP_MODULE/ENCAP_FOR_RENCRYPT/ENCRYPT/POLY_MULT/INTERLEAVED_RED_MEM/gpio_rdata_OBUF[11]_inst_i_1/O
                         net (fo=1, routed)           3.402    14.131    gpio_rdata_OBUF[11]
    C2                   OBUF (Prop_OUTBUF_HPIOB_S_I_O)
                                                      0.915    15.046 r  gpio_rdata_OBUF[11]_inst/O
                         net (fo=0)                   0.000    15.046    gpio_rdata[11]
    C2                                                                r  gpio_rdata[11] (OUT)
  -------------------------------------------------------------------    -------------------

Slack:                    inf
  Source:                 gpio_ctrl[3]
                            (input port)
  Destination:            gpio_rdata[3]
                            (output port)
  Path Group:             (none)
  Path Type:              Max at Slow Process Corner
  Data Path Delay:        14.801ns  (logic 2.809ns (18.981%)  route 11.991ns (81.019%))
  Logic Levels:           9  (IBUFCTRL=1 INBUF=1 LUT3=2 LUT4=1 LUT5=1 LUT6=2 OBUF=1)

    Location             Delay type                Incr(ns)  Path(ns)    Netlist Resource(s)
  -------------------------------------------------------------------    -------------------
    A10                                               0.000     0.000 f  gpio_ctrl[3] (IN)
                         net (fo=0)                   0.000     0.000    gpio_ctrl_IBUF[3]_inst/I
    A10                  INBUF (Prop_INBUF_HDIOB_S_PAD_O)
                                                      1.022     1.022 f  gpio_ctrl_IBUF[3]_inst/INBUF_INST/O
                         net (fo=1, routed)           0.000     1.022    gpio_ctrl_IBUF[3]_inst/OUT
    A10                  IBUFCTRL (Prop_IBUFCTRL_HDIOB_S_I_O)
                                                      0.000     1.022 f  gpio_ctrl_IBUF[3]_inst/IBUFCTRL_INST/O
                         net (fo=326, routed)         3.942     4.964    DUT/ENCAP_MODULE/HASH_MEM/gpio_ctrl_IBUF[1]
    SLICE_X44Y84         LUT3 (Prop_D6LUT_SLICEL_I2_O)
                                                      0.152     5.116 r  DUT/ENCAP_MODULE/HASH_MEM/mem_reg_i_5__1/O
                         net (fo=137, routed)         1.359     6.475    DUT/ENCAP_MODULE/HASH_MEM/gpio_ctrl[14]
    SLICE_X49Y74         LUT4 (Prop_D5LUT_SLICEL_I1_O)
                                                      0.088     6.563 r  DUT/ENCAP_MODULE/HASH_MEM/u_v[95]_i_3/O
                         net (fo=224, routed)         1.684     8.246    DUT/ENCAP_MODULE/ENCRYPT/POLY_MULT/INTERLEAVED_RED_MEM/sel_uv_to_enc
    SLICE_X53Y75         LUT3 (Prop_B5LUT_SLICEM_I1_O)
                                                      0.199     8.445 r  DUT/ENCAP_MODULE/ENCRYPT/POLY_MULT/INTERLEAVED_RED_MEM/u_v[3]_i_2/O
                         net (fo=4, routed)           0.327     8.773    DUT/ENCAP_MODULE/ENCRYPT/POLY_MULT/INTERLEAVED_RED_MEM/u_v_int[3]
    SLICE_X52Y79         LUT5 (Prop_A6LUT_SLICEL_I0_O)
                                                      0.082     8.855 r  DUT/ENCAP_MODULE/ENCRYPT/POLY_MULT/INTERLEAVED_RED_MEM/gpio_rdata_OBUF[3]_inst_i_16/O
                         net (fo=1, routed)           0.841     9.696    DUT/DECAP_MODULE/ENCAP_FOR_RENCRYPT/ENCRYPT/POLY_MULT/INTERLEAVED_RED_MEM/encap_out_128[3]
    SLICE_X40Y96         LUT6 (Prop_G6LUT_SLICEM_I5_O)
                                                      0.226     9.922 r  DUT/DECAP_MODULE/ENCAP_FOR_RENCRYPT/ENCRYPT/POLY_MULT/INTERLEAVED_RED_MEM/gpio_rdata_OBUF[3]_inst_i_4/O
                         net (fo=1, routed)           0.564    10.486    DUT/DECAP_MODULE/ENCAP_FOR_RENCRYPT/ENCRYPT/POLY_MULT/INTERLEAVED_RED_MEM/gpio_rdata_OBUF[3]_inst_i_4_n_2
    SLICE_X29Y91         LUT6 (Prop_H6LUT_SLICEM_I2_O)
                                                      0.154    10.640 r  DUT/DECAP_MODULE/ENCAP_FOR_RENCRYPT/ENCRYPT/POLY_MULT/INTERLEAVED_RED_MEM/gpio_rdata_OBUF[3]_inst_i_1/O
                         net (fo=1, routed)           3.275    13.915    gpio_rdata_OBUF[3]
    F7                   OBUF (Prop_OUTBUF_HPIOB_S_I_O)
                                                      0.886    14.801 r  gpio_rdata_OBUF[3]_inst/O
                         net (fo=0)                   0.000    14.801    gpio_rdata[3]
    F7                                                                r  gpio_rdata[3] (OUT)
  -------------------------------------------------------------------    -------------------

Slack:                    inf
  Source:                 gpio_ctrl[3]
                            (input port)
  Destination:            gpio_rdata[5]
                            (output port)
  Path Group:             (none)
  Path Type:              Max at Slow Process Corner
  Data Path Delay:        14.620ns  (logic 2.772ns (18.958%)  route 11.848ns (81.042%))
  Logic Levels:           9  (IBUFCTRL=1 INBUF=1 LUT3=2 LUT4=1 LUT5=1 LUT6=2 OBUF=1)

    Location             Delay type                Incr(ns)  Path(ns)    Netlist Resource(s)
  -------------------------------------------------------------------    -------------------
    A10                                               0.000     0.000 f  gpio_ctrl[3] (IN)
                         net (fo=0)                   0.000     0.000    gpio_ctrl_IBUF[3]_inst/I
    A10                  INBUF (Prop_INBUF_HDIOB_S_PAD_O)
                                                      1.022     1.022 f  gpio_ctrl_IBUF[3]_inst/INBUF_INST/O
                         net (fo=1, routed)           0.000     1.022    gpio_ctrl_IBUF[3]_inst/OUT
    A10                  IBUFCTRL (Prop_IBUFCTRL_HDIOB_S_I_O)
                                                      0.000     1.022 f  gpio_ctrl_IBUF[3]_inst/IBUFCTRL_INST/O
                         net (fo=326, routed)         3.942     4.964    DUT/ENCAP_MODULE/HASH_MEM/gpio_ctrl_IBUF[1]
    SLICE_X44Y84         LUT3 (Prop_D6LUT_SLICEL_I2_O)
                                                      0.152     5.116 r  DUT/ENCAP_MODULE/HASH_MEM/mem_reg_i_5__1/O
                         net (fo=137, routed)         1.359     6.475    DUT/ENCAP_MODULE/HASH_MEM/gpio_ctrl[14]
    SLICE_X49Y74         LUT4 (Prop_D5LUT_SLICEL_I1_O)
                                                      0.088     6.563 r  DUT/ENCAP_MODULE/HASH_MEM/u_v[95]_i_3/O
                         net (fo=224, routed)         1.607     8.169    DUT/ENCAP_MODULE/ENCRYPT/POLY_MULT/INTERLEAVED_RED_MEM/sel_uv_to_enc
    SLICE_X53Y76         LUT3 (Prop_A5LUT_SLICEM_I1_O)
                                                      0.225     8.394 r  DUT/ENCAP_MODULE/ENCRYPT/POLY_MULT/INTERLEAVED_RED_MEM/u_v[5]_i_2/O
                         net (fo=4, routed)           0.216     8.611    DUT/ENCAP_MODULE/ENCRYPT/POLY_MULT/INTERLEAVED_RED_MEM/u_v_int[5]
    SLICE_X53Y79         LUT5 (Prop_E6LUT_SLICEM_I0_O)
                                                      0.152     8.763 r  DUT/ENCAP_MODULE/ENCRYPT/POLY_MULT/INTERLEAVED_RED_MEM/gpio_rdata_OBUF[5]_inst_i_16/O
                         net (fo=1, routed)           0.907     9.670    DUT/DECAP_MODULE/ENCAP_FOR_RENCRYPT/ENCRYPT/POLY_MULT/INTERLEAVED_RED_MEM/encap_out_128[5]
    SLICE_X40Y94         LUT6 (Prop_F6LUT_SLICEM_I5_O)
                                                      0.186     9.856 r  DUT/DECAP_MODULE/ENCAP_FOR_RENCRYPT/ENCRYPT/POLY_MULT/INTERLEAVED_RED_MEM/gpio_rdata_OBUF[5]_inst_i_4/O
                         net (fo=1, routed)           0.548    10.404    DUT/DECAP_MODULE/ENCAP_FOR_RENCRYPT/ENCRYPT/POLY_MULT/INTERLEAVED_RED_MEM/gpio_rdata_OBUF[5]_inst_i_4_n_2
    SLICE_X29Y89         LUT6 (Prop_H6LUT_SLICEM_I2_O)
                                                      0.060    10.464 r  DUT/DECAP_MODULE/ENCAP_FOR_RENCRYPT/ENCRYPT/POLY_MULT/INTERLEAVED_RED_MEM/gpio_rdata_OBUF[5]_inst_i_1/O
                         net (fo=1, routed)           3.270    13.734    gpio_rdata_OBUF[5]
    F6                   OBUF (Prop_OUTBUF_HPIOB_S_I_O)
                                                      0.887    14.620 r  gpio_rdata_OBUF[5]_inst/O
                         net (fo=0)                   0.000    14.620    gpio_rdata[5]
    F6                                                                r  gpio_rdata[5] (OUT)
  -------------------------------------------------------------------    -------------------

Slack:                    inf
  Source:                 gpio_ctrl[3]
                            (input port)
  Destination:            gpio_rdata[13]
                            (output port)
  Path Group:             (none)
  Path Type:              Max at Slow Process Corner
  Data Path Delay:        14.579ns  (logic 2.709ns (18.581%)  route 11.870ns (81.419%))
  Logic Levels:           9  (IBUFCTRL=1 INBUF=1 LUT3=1 LUT4=2 LUT6=3 OBUF=1)

    Location             Delay type                Incr(ns)  Path(ns)    Netlist Resource(s)
  -------------------------------------------------------------------    -------------------
    A10                                               0.000     0.000 f  gpio_ctrl[3] (IN)
                         net (fo=0)                   0.000     0.000    gpio_ctrl_IBUF[3]_inst/I
    A10                  INBUF (Prop_INBUF_HDIOB_S_PAD_O)
                                                      1.022     1.022 f  gpio_ctrl_IBUF[3]_inst/INBUF_INST/O
                         net (fo=1, routed)           0.000     1.022    gpio_ctrl_IBUF[3]_inst/OUT
    A10                  IBUFCTRL (Prop_IBUFCTRL_HDIOB_S_I_O)
                                                      0.000     1.022 f  gpio_ctrl_IBUF[3]_inst/IBUFCTRL_INST/O
                         net (fo=326, routed)         3.942     4.964    DUT/ENCAP_MODULE/HASH_MEM/gpio_ctrl_IBUF[1]
    SLICE_X44Y84         LUT3 (Prop_D6LUT_SLICEL_I2_O)
                                                      0.152     5.116 r  DUT/ENCAP_MODULE/HASH_MEM/mem_reg_i_5__1/O
                         net (fo=137, routed)         1.359     6.475    DUT/ENCAP_MODULE/HASH_MEM/gpio_ctrl[14]
    SLICE_X49Y74         LUT4 (Prop_D5LUT_SLICEL_I1_O)
                                                      0.088     6.563 r  DUT/ENCAP_MODULE/HASH_MEM/u_v[95]_i_3/O
                         net (fo=224, routed)         1.567     8.130    DUT/ENCAP_MODULE/ENCRYPT/POLY_MULT/INTERLEAVED_RED_MEM/sel_uv_to_enc
    SLICE_X51Y79         LUT4 (Prop_F6LUT_SLICEL_I1_O)
                                                      0.150     8.280 r  DUT/ENCAP_MODULE/ENCRYPT/POLY_MULT/INTERLEAVED_RED_MEM/gpio_rdata_OBUF[13]_inst_i_23/O
                         net (fo=1, routed)           1.110     9.390    DUT/DECAP_MODULE/ENCAP_FOR_RENCRYPT/ENCRYPT/POLY_MULT/INTERLEAVED_RED_MEM/encap_out_128[45]
    SLICE_X43Y92         LUT6 (Prop_H6LUT_SLICEM_I4_O)
                                                      0.084     9.474 r  DUT/DECAP_MODULE/ENCAP_FOR_RENCRYPT/ENCRYPT/POLY_MULT/INTERLEAVED_RED_MEM/gpio_rdata_OBUF[13]_inst_i_13/O
                         net (fo=1, routed)           0.304     9.778    DUT/DECAP_MODULE/ENCAP_FOR_RENCRYPT/ENCRYPT/POLY_MULT/INTERLEAVED_RED_MEM/gpio_rdata_OBUF[13]_inst_i_13_n_2
    SLICE_X43Y86         LUT6 (Prop_C6LUT_SLICEM_I0_O)
                                                      0.080     9.858 r  DUT/DECAP_MODULE/ENCAP_FOR_RENCRYPT/ENCRYPT/POLY_MULT/INTERLEAVED_RED_MEM/gpio_rdata_OBUF[13]_inst_i_4/O
                         net (fo=1, routed)           0.428    10.286    DUT/DECAP_MODULE/ENCAP_FOR_RENCRYPT/ENCRYPT/POLY_MULT/INTERLEAVED_RED_MEM/gpio_rdata_OBUF[13]_inst_i_4_n_2
    SLICE_X38Y78         LUT6 (Prop_G6LUT_SLICEM_I2_O)
                                                      0.226    10.512 r  DUT/DECAP_MODULE/ENCAP_FOR_RENCRYPT/ENCRYPT/POLY_MULT/INTERLEAVED_RED_MEM/gpio_rdata_OBUF[13]_inst_i_1/O
                         net (fo=1, routed)           3.160    13.672    gpio_rdata_OBUF[13]
    C4                   OBUF (Prop_OUTBUF_HPIOB_S_I_O)
                                                      0.907    14.579 r  gpio_rdata_OBUF[13]_inst/O
                         net (fo=0)                   0.000    14.579    gpio_rdata[13]
    C4                                                                r  gpio_rdata[13] (OUT)
  -------------------------------------------------------------------    -------------------

Slack:                    inf
  Source:                 gpio_ctrl[3]
                            (input port)
  Destination:            gpio_rdata[19]
                            (output port)
  Path Group:             (none)
  Path Type:              Max at Slow Process Corner
  Data Path Delay:        14.432ns  (logic 2.734ns (18.940%)  route 11.699ns (81.060%))
  Logic Levels:           9  (IBUFCTRL=1 INBUF=1 LUT3=2 LUT4=1 LUT5=1 LUT6=2 OBUF=1)

    Location             Delay type                Incr(ns)  Path(ns)    Netlist Resource(s)
  -------------------------------------------------------------------    -------------------
    A10                                               0.000     0.000 f  gpio_ctrl[3] (IN)
                         net (fo=0)                   0.000     0.000    gpio_ctrl_IBUF[3]_inst/I
    A10                  INBUF (Prop_INBUF_HDIOB_S_PAD_O)
                                                      1.022     1.022 f  gpio_ctrl_IBUF[3]_inst/INBUF_INST/O
                         net (fo=1, routed)           0.000     1.022    gpio_ctrl_IBUF[3]_inst/OUT
    A10                  IBUFCTRL (Prop_IBUFCTRL_HDIOB_S_I_O)
                                                      0.000     1.022 f  gpio_ctrl_IBUF[3]_inst/IBUFCTRL_INST/O
                         net (fo=326, routed)         3.942     4.964    DUT/ENCAP_MODULE/HASH_MEM/gpio_ctrl_IBUF[1]
    SLICE_X44Y84         LUT3 (Prop_D6LUT_SLICEL_I2_O)
                                                      0.152     5.116 r  DUT/ENCAP_MODULE/HASH_MEM/mem_reg_i_5__1/O
                         net (fo=137, routed)         1.359     6.475    DUT/ENCAP_MODULE/HASH_MEM/gpio_ctrl[14]
    SLICE_X49Y74         LUT4 (Prop_D5LUT_SLICEL_I1_O)
                                                      0.088     6.563 r  DUT/ENCAP_MODULE/HASH_MEM/u_v[95]_i_3/O
                         net (fo=224, routed)         1.686     8.248    DUT/ENCAP_MODULE/ENCRYPT/POLY_MULT/INTERLEAVED_RED_MEM/sel_uv_to_enc
    SLICE_X53Y74         LUT3 (Prop_H6LUT_SLICEM_I1_O)
                                                      0.189     8.437 r  DUT/ENCAP_MODULE/ENCRYPT/POLY_MULT/INTERLEAVED_RED_MEM/mem_reg_bram_1_i_47__1/O
                         net (fo=3, routed)           0.116     8.553    DUT/ENCAP_MODULE/ENCRYPT/POLY_MULT/INTERLEAVED_RED_MEM/u_v_int[19]
    SLICE_X53Y73         LUT5 (Prop_F6LUT_SLICEM_I0_O)
                                                      0.149     8.702 r  DUT/ENCAP_MODULE/ENCRYPT/POLY_MULT/INTERLEAVED_RED_MEM/gpio_rdata_OBUF[19]_inst_i_16/O
                         net (fo=1, routed)           0.971     9.673    DUT/DECAP_MODULE/ENCAP_FOR_RENCRYPT/ENCRYPT/POLY_MULT/INTERLEAVED_RED_MEM/encap_out_128[19]
    SLICE_X45Y89         LUT6 (Prop_F6LUT_SLICEM_I5_O)
                                                      0.056     9.729 r  DUT/DECAP_MODULE/ENCAP_FOR_RENCRYPT/ENCRYPT/POLY_MULT/INTERLEAVED_RED_MEM/gpio_rdata_OBUF[19]_inst_i_4/O
                         net (fo=1, routed)           0.512    10.241    DUT/DECAP_MODULE/ENCAP_FOR_RENCRYPT/ENCRYPT/POLY_MULT/INTERLEAVED_RED_MEM/gpio_rdata_OBUF[19]_inst_i_4_n_2
    SLICE_X32Y77         LUT6 (Prop_F6LUT_SLICEM_I2_O)
                                                      0.149    10.390 r  DUT/DECAP_MODULE/ENCAP_FOR_RENCRYPT/ENCRYPT/POLY_MULT/INTERLEAVED_RED_MEM/gpio_rdata_OBUF[19]_inst_i_1/O
                         net (fo=1, routed)           3.114    13.504    gpio_rdata_OBUF[19]
    A1                   OBUF (Prop_OUTBUF_HPIOB_S_I_O)
                                                      0.928    14.432 r  gpio_rdata_OBUF[19]_inst/O
                         net (fo=0)                   0.000    14.432    gpio_rdata[19]
    A1                                                                r  gpio_rdata[19] (OUT)
  -------------------------------------------------------------------    -------------------

Slack:                    inf
  Source:                 gpio_ctrl[3]
                            (input port)
  Destination:            gpio_rdata[25]
                            (output port)
  Path Group:             (none)
  Path Type:              Max at Slow Process Corner
  Data Path Delay:        14.308ns  (logic 2.912ns (20.354%)  route 11.396ns (79.646%))
  Logic Levels:           9  (IBUFCTRL=1 INBUF=1 LUT3=2 LUT4=1 LUT5=1 LUT6=2 OBUF=1)

    Location             Delay type                Incr(ns)  Path(ns)    Netlist Resource(s)
  -------------------------------------------------------------------    -------------------
    A10                                               0.000     0.000 f  gpio_ctrl[3] (IN)
                         net (fo=0)                   0.000     0.000    gpio_ctrl_IBUF[3]_inst/I
    A10                  INBUF (Prop_INBUF_HDIOB_S_PAD_O)
                                                      1.022     1.022 f  gpio_ctrl_IBUF[3]_inst/INBUF_INST/O
                         net (fo=1, routed)           0.000     1.022    gpio_ctrl_IBUF[3]_inst/OUT
    A10                  IBUFCTRL (Prop_IBUFCTRL_HDIOB_S_I_O)
                                                      0.000     1.022 f  gpio_ctrl_IBUF[3]_inst/IBUFCTRL_INST/O
                         net (fo=326, routed)         3.942     4.964    DUT/ENCAP_MODULE/HASH_MEM/gpio_ctrl_IBUF[1]
    SLICE_X44Y84         LUT3 (Prop_D6LUT_SLICEL_I2_O)
                                                      0.152     5.116 r  DUT/ENCAP_MODULE/HASH_MEM/mem_reg_i_5__1/O
                         net (fo=137, routed)         1.359     6.475    DUT/ENCAP_MODULE/HASH_MEM/gpio_ctrl[14]
    SLICE_X49Y74         LUT4 (Prop_D5LUT_SLICEL_I1_O)
                                                      0.088     6.563 r  DUT/ENCAP_MODULE/HASH_MEM/u_v[95]_i_3/O
                         net (fo=224, routed)         1.794     8.356    DUT/ENCAP_MODULE/ENCRYPT/POLY_MULT/INTERLEAVED_RED_MEM/sel_uv_to_enc
    SLICE_X53Y77         LUT3 (Prop_D5LUT_SLICEM_I1_O)
                                                      0.154     8.510 r  DUT/ENCAP_MODULE/ENCRYPT/POLY_MULT/INTERLEAVED_RED_MEM/u_v[25]_i_2/O
                         net (fo=3, routed)           0.353     8.863    DUT/ENCAP_MODULE/ENCRYPT/POLY_MULT/INTERLEAVED_RED_MEM/u_v_int[25]
    SLICE_X51Y77         LUT5 (Prop_E6LUT_SLICEL_I0_O)
                                                      0.223     9.086 r  DUT/ENCAP_MODULE/ENCRYPT/POLY_MULT/INTERLEAVED_RED_MEM/gpio_rdata_OBUF[25]_inst_i_16/O
                         net (fo=1, routed)           0.789     9.875    DUT/DECAP_MODULE/ENCAP_FOR_RENCRYPT/ENCRYPT/POLY_MULT/INTERLEAVED_RED_MEM/encap_out_128[25]
    SLICE_X40Y85         LUT6 (Prop_E6LUT_SLICEM_I5_O)
                                                      0.187    10.062 r  DUT/DECAP_MODULE/ENCAP_FOR_RENCRYPT/ENCRYPT/POLY_MULT/INTERLEAVED_RED_MEM/gpio_rdata_OBUF[25]_inst_i_4/O
                         net (fo=1, routed)           0.207    10.269    DUT/DECAP_MODULE/ENCAP_FOR_RENCRYPT/ENCRYPT/POLY_MULT/INTERLEAVED_RED_MEM/gpio_rdata_OBUF[25]_inst_i_4_n_2
    SLICE_X38Y85         LUT6 (Prop_D6LUT_SLICEM_I2_O)
                                                      0.185    10.454 r  DUT/DECAP_MODULE/ENCAP_FOR_RENCRYPT/ENCRYPT/POLY_MULT/INTERLEAVED_RED_MEM/gpio_rdata_OBUF[25]_inst_i_1/O
                         net (fo=1, routed)           2.953    13.407    gpio_rdata_OBUF[25]
    F3                   OBUF (Prop_OUTBUF_HPIOB_S_I_O)
                                                      0.901    14.308 r  gpio_rdata_OBUF[25]_inst/O
                         net (fo=0)                   0.000    14.308    gpio_rdata[25]
    F3                                                                r  gpio_rdata[25] (OUT)
  -------------------------------------------------------------------    -------------------

Slack:                    inf
  Source:                 gpio_ctrl[3]
                            (input port)
  Destination:            gpio_rdata[24]
                            (output port)
  Path Group:             (none)
  Path Type:              Max at Slow Process Corner
  Data Path Delay:        14.186ns  (logic 2.919ns (20.576%)  route 11.267ns (79.424%))
  Logic Levels:           9  (IBUFCTRL=1 INBUF=1 LUT3=1 LUT4=2 LUT5=1 LUT6=2 OBUF=1)

    Location             Delay type                Incr(ns)  Path(ns)    Netlist Resource(s)
  -------------------------------------------------------------------    -------------------
    A10                                               0.000     0.000 f  gpio_ctrl[3] (IN)
                         net (fo=0)                   0.000     0.000    gpio_ctrl_IBUF[3]_inst/I
    A10                  INBUF (Prop_INBUF_HDIOB_S_PAD_O)
                                                      1.022     1.022 f  gpio_ctrl_IBUF[3]_inst/INBUF_INST/O
                         net (fo=1, routed)           0.000     1.022    gpio_ctrl_IBUF[3]_inst/OUT
    A10                  IBUFCTRL (Prop_IBUFCTRL_HDIOB_S_I_O)
                                                      0.000     1.022 f  gpio_ctrl_IBUF[3]_inst/IBUFCTRL_INST/O
                         net (fo=326, routed)         3.942     4.964    DUT/ENCAP_MODULE/HASH_MEM/gpio_ctrl_IBUF[1]
    SLICE_X44Y84         LUT3 (Prop_D6LUT_SLICEL_I2_O)
                                                      0.152     5.116 r  DUT/ENCAP_MODULE/HASH_MEM/mem_reg_i_5__1/O
                         net (fo=137, routed)         1.359     6.475    DUT/ENCAP_MODULE/HASH_MEM/gpio_ctrl[14]
    SLICE_X49Y74         LUT4 (Prop_D5LUT_SLICEL_I1_O)
                                                      0.088     6.563 r  DUT/ENCAP_MODULE/HASH_MEM/u_v[95]_i_3/O
                         net (fo=224, routed)         1.629     8.192    DUT/ENCAP_MODULE/ENCRYPT/POLY_MULT/INTERLEAVED_RED_MEM/sel_uv_to_enc
    SLICE_X52Y86         LUT4 (Prop_H6LUT_SLICEL_I1_O)
                                                      0.153     8.345 r  DUT/ENCAP_MODULE/ENCRYPT/POLY_MULT/INTERLEAVED_RED_MEM/gpio_rdata_OBUF[24]_inst_i_20/O
                         net (fo=1, routed)           0.733     9.078    DUT/KEYGEN_MODULE/POLY_MULT/INTERLEAVED_RED_MEM/encap_out_128[24]
    SLICE_X45Y86         LUT5 (Prop_E6LUT_SLICEM_I1_O)
                                                      0.152     9.230 r  DUT/KEYGEN_MODULE/POLY_MULT/INTERLEAVED_RED_MEM/gpio_rdata_OBUF[24]_inst_i_12/O
                         net (fo=1, routed)           0.071     9.301    DUT/DECAP_MODULE/ENCAP_FOR_RENCRYPT/ENCRYPT/POLY_MULT/INTERLEAVED_RED_MEM/read_data_source_1281_in[24]
    SLICE_X45Y86         LUT6 (Prop_F6LUT_SLICEM_I2_O)
                                                      0.224     9.525 r  DUT/DECAP_MODULE/ENCAP_FOR_RENCRYPT/ENCRYPT/POLY_MULT/INTERLEAVED_RED_MEM/gpio_rdata_OBUF[24]_inst_i_3/O
                         net (fo=1, routed)           0.514    10.039    DUT/DECAP_MODULE/ENCAP_FOR_RENCRYPT/ENCRYPT/POLY_MULT/INTERLEAVED_RED_MEM/gpio_rdata_OBUF[24]_inst_i_3_n_2
    SLICE_X38Y82         LUT6 (Prop_G6LUT_SLICEM_I1_O)
                                                      0.226    10.265 r  DUT/DECAP_MODULE/ENCAP_FOR_RENCRYPT/ENCRYPT/POLY_MULT/INTERLEAVED_RED_MEM/gpio_rdata_OBUF[24]_inst_i_1/O
                         net (fo=1, routed)           3.020    13.285    gpio_rdata_OBUF[24]
    G3                   OBUF (Prop_OUTBUF_HPIOB_M_I_O)
                                                      0.902    14.186 r  gpio_rdata_OBUF[24]_inst/O
                         net (fo=0)                   0.000    14.186    gpio_rdata[24]
    G3                                                                r  gpio_rdata[24] (OUT)
  -------------------------------------------------------------------    -------------------

Slack:                    inf
  Source:                 gpio_ctrl[3]
                            (input port)
  Destination:            gpio_rdata[26]
                            (output port)
  Path Group:             (none)
  Path Type:              Max at Slow Process Corner
  Data Path Delay:        14.176ns  (logic 2.689ns (18.967%)  route 11.488ns (81.033%))
  Logic Levels:           9  (IBUFCTRL=1 INBUF=1 LUT3=2 LUT4=1 LUT5=1 LUT6=2 OBUF=1)

    Location             Delay type                Incr(ns)  Path(ns)    Netlist Resource(s)
  -------------------------------------------------------------------    -------------------
    A10                                               0.000     0.000 f  gpio_ctrl[3] (IN)
                         net (fo=0)                   0.000     0.000    gpio_ctrl_IBUF[3]_inst/I
    A10                  INBUF (Prop_INBUF_HDIOB_S_PAD_O)
                                                      1.022     1.022 f  gpio_ctrl_IBUF[3]_inst/INBUF_INST/O
                         net (fo=1, routed)           0.000     1.022    gpio_ctrl_IBUF[3]_inst/OUT
    A10                  IBUFCTRL (Prop_IBUFCTRL_HDIOB_S_I_O)
                                                      0.000     1.022 f  gpio_ctrl_IBUF[3]_inst/IBUFCTRL_INST/O
                         net (fo=326, routed)         3.942     4.964    DUT/ENCAP_MODULE/HASH_MEM/gpio_ctrl_IBUF[1]
    SLICE_X44Y84         LUT3 (Prop_D6LUT_SLICEL_I2_O)
                                                      0.152     5.116 r  DUT/ENCAP_MODULE/HASH_MEM/mem_reg_i_5__1/O
                         net (fo=137, routed)         1.359     6.475    DUT/ENCAP_MODULE/HASH_MEM/gpio_ctrl[14]
    SLICE_X49Y74         LUT4 (Prop_D5LUT_SLICEL_I1_O)
                                                      0.088     6.563 r  DUT/ENCAP_MODULE/HASH_MEM/u_v[95]_i_3/O
                         net (fo=224, routed)         1.597     8.160    DUT/ENCAP_MODULE/ENCRYPT/POLY_MULT/INTERLEAVED_RED_MEM/sel_uv_to_enc
    SLICE_X52Y75         LUT3 (Prop_A6LUT_SLICEL_I1_O)
                                                      0.152     8.312 r  DUT/ENCAP_MODULE/ENCRYPT/POLY_MULT/INTERLEAVED_RED_MEM/u_v[26]_i_2/O
                         net (fo=3, routed)           0.113     8.425    DUT/ENCAP_MODULE/ENCRYPT/POLY_MULT/INTERLEAVED_RED_MEM/u_v_int[26]
    SLICE_X52Y73         LUT5 (Prop_B6LUT_SLICEL_I0_O)
                                                      0.058     8.483 r  DUT/ENCAP_MODULE/ENCRYPT/POLY_MULT/INTERLEAVED_RED_MEM/gpio_rdata_OBUF[26]_inst_i_16/O
                         net (fo=1, routed)           0.683     9.166    DUT/DECAP_MODULE/ENCAP_FOR_RENCRYPT/ENCRYPT/POLY_MULT/INTERLEAVED_RED_MEM/encap_out_128[26]
    SLICE_X44Y86         LUT6 (Prop_G6LUT_SLICEL_I5_O)
                                                      0.226     9.392 r  DUT/DECAP_MODULE/ENCAP_FOR_RENCRYPT/ENCRYPT/POLY_MULT/INTERLEAVED_RED_MEM/gpio_rdata_OBUF[26]_inst_i_4/O
                         net (fo=1, routed)           0.734    10.126    DUT/DECAP_MODULE/ENCAP_FOR_RENCRYPT/ENCRYPT/POLY_MULT/INTERLEAVED_RED_MEM/gpio_rdata_OBUF[26]_inst_i_4_n_2
    SLICE_X32Y77         LUT6 (Prop_E6LUT_SLICEM_I2_O)
                                                      0.083    10.209 r  DUT/DECAP_MODULE/ENCAP_FOR_RENCRYPT/ENCRYPT/POLY_MULT/INTERLEAVED_RED_MEM/gpio_rdata_OBUF[26]_inst_i_1/O
                         net (fo=1, routed)           3.060    13.269    gpio_rdata_OBUF[26]
    F2                   OBUF (Prop_OUTBUF_HPIOB_M_I_O)
                                                      0.907    14.176 r  gpio_rdata_OBUF[26]_inst/O
                         net (fo=0)                   0.000    14.176    gpio_rdata[26]
    F2                                                                r  gpio_rdata[26] (OUT)
  -------------------------------------------------------------------    -------------------

Slack:                    inf
  Source:                 gpio_ctrl[3]
                            (input port)
  Destination:            gpio_rdata[21]
                            (output port)
  Path Group:             (none)
  Path Type:              Max at Slow Process Corner
  Data Path Delay:        14.134ns  (logic 2.614ns (18.497%)  route 11.519ns (81.503%))
  Logic Levels:           9  (IBUFCTRL=1 INBUF=1 LUT3=2 LUT4=1 LUT5=1 LUT6=2 OBUF=1)

    Location             Delay type                Incr(ns)  Path(ns)    Netlist Resource(s)
  -------------------------------------------------------------------    -------------------
    A10                                               0.000     0.000 f  gpio_ctrl[3] (IN)
                         net (fo=0)                   0.000     0.000    gpio_ctrl_IBUF[3]_inst/I
    A10                  INBUF (Prop_INBUF_HDIOB_S_PAD_O)
                                                      1.022     1.022 f  gpio_ctrl_IBUF[3]_inst/INBUF_INST/O
                         net (fo=1, routed)           0.000     1.022    gpio_ctrl_IBUF[3]_inst/OUT
    A10                  IBUFCTRL (Prop_IBUFCTRL_HDIOB_S_I_O)
                                                      0.000     1.022 f  gpio_ctrl_IBUF[3]_inst/IBUFCTRL_INST/O
                         net (fo=326, routed)         3.942     4.964    DUT/ENCAP_MODULE/HASH_MEM/gpio_ctrl_IBUF[1]
    SLICE_X44Y84         LUT3 (Prop_D6LUT_SLICEL_I2_O)
                                                      0.152     5.116 r  DUT/ENCAP_MODULE/HASH_MEM/mem_reg_i_5__1/O
                         net (fo=137, routed)         1.359     6.475    DUT/ENCAP_MODULE/HASH_MEM/gpio_ctrl[14]
    SLICE_X49Y74         LUT4 (Prop_D5LUT_SLICEL_I1_O)
                                                      0.088     6.563 r  DUT/ENCAP_MODULE/HASH_MEM/u_v[95]_i_3/O
                         net (fo=224, routed)         1.648     8.211    DUT/ENCAP_MODULE/ENCRYPT/POLY_MULT/INTERLEAVED_RED_MEM/sel_uv_to_enc
    SLICE_X52Y75         LUT3 (Prop_B6LUT_SLICEL_I1_O)
                                                      0.138     8.349 r  DUT/ENCAP_MODULE/ENCRYPT/POLY_MULT/INTERLEAVED_RED_MEM/mem_reg_bram_1_i_45__1/O
                         net (fo=3, routed)           0.323     8.672    DUT/ENCAP_MODULE/ENCRYPT/POLY_MULT/INTERLEAVED_RED_MEM/u_v_int[21]
    SLICE_X52Y73         LUT5 (Prop_E6LUT_SLICEL_I0_O)
                                                      0.152     8.824 r  DUT/ENCAP_MODULE/ENCRYPT/POLY_MULT/INTERLEAVED_RED_MEM/gpio_rdata_OBUF[21]_inst_i_16/O
                         net (fo=1, routed)           0.692     9.516    DUT/DECAP_MODULE/ENCAP_FOR_RENCRYPT/ENCRYPT/POLY_MULT/INTERLEAVED_RED_MEM/encap_out_128[21]
    SLICE_X45Y88         LUT6 (Prop_B6LUT_SLICEM_I5_O)
                                                      0.057     9.573 r  DUT/DECAP_MODULE/ENCAP_FOR_RENCRYPT/ENCRYPT/POLY_MULT/INTERLEAVED_RED_MEM/gpio_rdata_OBUF[21]_inst_i_4/O
                         net (fo=1, routed)           0.538    10.111    DUT/DECAP_MODULE/ENCAP_FOR_RENCRYPT/ENCRYPT/POLY_MULT/INTERLEAVED_RED_MEM/gpio_rdata_OBUF[21]_inst_i_4_n_2
    SLICE_X38Y82         LUT6 (Prop_H6LUT_SLICEM_I2_O)
                                                      0.084    10.195 r  DUT/DECAP_MODULE/ENCAP_FOR_RENCRYPT/ENCRYPT/POLY_MULT/INTERLEAVED_RED_MEM/gpio_rdata_OBUF[21]_inst_i_1/O
                         net (fo=1, routed)           3.018    13.213    gpio_rdata_OBUF[21]
    B1                   OBUF (Prop_OUTBUF_HPIOB_S_I_O)
                                                      0.921    14.134 r  gpio_rdata_OBUF[21]_inst/O
                         net (fo=0)                   0.000    14.134    gpio_rdata[21]
    B1                                                                r  gpio_rdata[21] (OUT)
  -------------------------------------------------------------------    -------------------

Slack:                    inf
  Source:                 gpio_ctrl[3]
                            (input port)
  Destination:            gpio_rdata[30]
                            (output port)
  Path Group:             (none)
  Path Type:              Max at Slow Process Corner
  Data Path Delay:        14.128ns  (logic 2.699ns (19.106%)  route 11.428ns (80.894%))
  Logic Levels:           9  (IBUFCTRL=1 INBUF=1 LUT3=1 LUT4=2 LUT6=3 OBUF=1)

    Location             Delay type                Incr(ns)  Path(ns)    Netlist Resource(s)
  -------------------------------------------------------------------    -------------------
    A10                                               0.000     0.000 f  gpio_ctrl[3] (IN)
                         net (fo=0)                   0.000     0.000    gpio_ctrl_IBUF[3]_inst/I
    A10                  INBUF (Prop_INBUF_HDIOB_S_PAD_O)
                                                      1.022     1.022 f  gpio_ctrl_IBUF[3]_inst/INBUF_INST/O
                         net (fo=1, routed)           0.000     1.022    gpio_ctrl_IBUF[3]_inst/OUT
    A10                  IBUFCTRL (Prop_IBUFCTRL_HDIOB_S_I_O)
                                                      0.000     1.022 f  gpio_ctrl_IBUF[3]_inst/IBUFCTRL_INST/O
                         net (fo=326, routed)         3.942     4.964    DUT/ENCAP_MODULE/HASH_MEM/gpio_ctrl_IBUF[1]
    SLICE_X44Y84         LUT3 (Prop_D6LUT_SLICEL_I2_O)
                                                      0.152     5.116 r  DUT/ENCAP_MODULE/HASH_MEM/mem_reg_i_5__1/O
                         net (fo=137, routed)         1.359     6.475    DUT/ENCAP_MODULE/HASH_MEM/gpio_ctrl[14]
    SLICE_X49Y74         LUT4 (Prop_D5LUT_SLICEL_I1_O)
                                                      0.088     6.563 r  DUT/ENCAP_MODULE/HASH_MEM/u_v[95]_i_3/O
                         net (fo=224, routed)         1.627     8.190    DUT/ENCAP_MODULE/ENCRYPT/POLY_MULT/INTERLEAVED_RED_MEM/sel_uv_to_enc
    SLICE_X50Y76         LUT4 (Prop_F6LUT_SLICEL_I1_O)
                                                      0.224     8.414 r  DUT/ENCAP_MODULE/ENCRYPT/POLY_MULT/INTERLEAVED_RED_MEM/gpio_rdata_OBUF[30]_inst_i_23/O
                         net (fo=1, routed)           0.937     9.351    DUT/DECAP_MODULE/ENCAP_FOR_RENCRYPT/ENCRYPT/POLY_MULT/INTERLEAVED_RED_MEM/encap_out_128[62]
    SLICE_X44Y93         LUT6 (Prop_F6LUT_SLICEL_I4_O)
                                                      0.136     9.487 r  DUT/DECAP_MODULE/ENCAP_FOR_RENCRYPT/ENCRYPT/POLY_MULT/INTERLEAVED_RED_MEM/gpio_rdata_OBUF[30]_inst_i_13/O
                         net (fo=1, routed)           0.360     9.847    DUT/DECAP_MODULE/ENCAP_FOR_RENCRYPT/ENCRYPT/POLY_MULT/INTERLEAVED_RED_MEM/gpio_rdata_OBUF[30]_inst_i_13_n_2
    SLICE_X44Y85         LUT6 (Prop_B6LUT_SLICEL_I0_O)
                                                      0.083     9.930 r  DUT/DECAP_MODULE/ENCAP_FOR_RENCRYPT/ENCRYPT/POLY_MULT/INTERLEAVED_RED_MEM/gpio_rdata_OBUF[30]_inst_i_4/O
                         net (fo=1, routed)           0.517    10.447    DUT/DECAP_MODULE/ENCAP_FOR_RENCRYPT/ENCRYPT/POLY_MULT/INTERLEAVED_RED_MEM/gpio_rdata_OBUF[30]_inst_i_4_n_2
    SLICE_X38Y82         LUT6 (Prop_A6LUT_SLICEM_I2_O)
                                                      0.083    10.530 r  DUT/DECAP_MODULE/ENCAP_FOR_RENCRYPT/ENCRYPT/POLY_MULT/INTERLEAVED_RED_MEM/gpio_rdata_OBUF[30]_inst_i_1/O
                         net (fo=1, routed)           2.687    13.217    gpio_rdata_OBUF[30]
    G1                   OBUF (Prop_OUTBUF_HPIOB_M_I_O)
                                                      0.911    14.128 r  gpio_rdata_OBUF[30]_inst/O
                         net (fo=0)                   0.000    14.128    gpio_rdata[30]
    G1                                                                r  gpio_rdata[30] (OUT)
  -------------------------------------------------------------------    -------------------





Min Delay Paths
--------------------------------------------------------------------------------------
Slack:                    inf
  Source:                 DUT/DECAP_MODULE/DECRYPT/DECODE/RM_DECOD/FIND_PEAKS/dout_reg[0]/C
                            (rising edge-triggered cell FDRE)
  Destination:            DUT/DECAP_MODULE/DECRYPT/DECODE/RS_DECOD/COMPUTE_SYNDROMES/msg_buf_reg[120]/D
  Path Group:             (none)
  Path Type:              Min at Fast Process Corner
  Data Path Delay:        0.118ns  (logic 0.084ns (71.186%)  route 0.034ns (28.814%))
  Logic Levels:           1  (FDRE=1)

    Location             Delay type                Incr(ns)  Path(ns)    Netlist Resource(s)
  -------------------------------------------------------------------    -------------------
    SLICE_X15Y133        FDRE                         0.000     0.000 r  DUT/DECAP_MODULE/DECRYPT/DECODE/RM_DECOD/FIND_PEAKS/dout_reg[0]/C
    SLICE_X15Y133        FDRE (Prop_HFF_SLICEL_C_Q)
                                                      0.084     0.084 r  DUT/DECAP_MODULE/DECRYPT/DECODE/RM_DECOD/FIND_PEAKS/dout_reg[0]/Q
                         net (fo=1, routed)           0.034     0.118    DUT/DECAP_MODULE/DECRYPT/DECODE/RS_DECOD/COMPUTE_SYNDROMES/din_i[0]
    SLICE_X15Y133        FDRE                                         r  DUT/DECAP_MODULE/DECRYPT/DECODE/RS_DECOD/COMPUTE_SYNDROMES/msg_buf_reg[120]/D
  -------------------------------------------------------------------    -------------------

Slack:                    inf
  Source:                 DUT/DECAP_MODULE/DECRYPT/DECODE/RS_DECOD/COMPUTE_ROOTS/FFT_RETRIEVE_ERROR/error_buf_reg[91]/C
                            (rising edge-triggered cell FDRE)
  Destination:            DUT/DECAP_MODULE/DECRYPT/DECODE/RS_DECOD/COMPUTE_ROOTS/FFT_RETRIEVE_ERROR/error_buf_reg[83]/D
  Path Group:             (none)
  Path Type:              Min at Fast Process Corner
  Data Path Delay:        0.121ns  (logic 0.083ns (68.595%)  route 0.038ns (31.405%))
  Logic Levels:           1  (FDRE=1)

    Location             Delay type                Incr(ns)  Path(ns)    Netlist Resource(s)
  -------------------------------------------------------------------    -------------------
    SLICE_X3Y149         FDRE                         0.000     0.000 r  DUT/DECAP_MODULE/DECRYPT/DECODE/RS_DECOD/COMPUTE_ROOTS/FFT_RETRIEVE_ERROR/error_buf_reg[91]/C
    SLICE_X3Y149         FDRE (Prop_FFF_SLICEL_C_Q)
                                                      0.083     0.083 r  DUT/DECAP_MODULE/DECRYPT/DECODE/RS_DECOD/COMPUTE_ROOTS/FFT_RETRIEVE_ERROR/error_buf_reg[91]/Q
                         net (fo=2, routed)           0.038     0.121    DUT/DECAP_MODULE/DECRYPT/DECODE/RS_DECOD/COMPUTE_ROOTS/FFT_RETRIEVE_ERROR/error_buf_reg[367]_0[91]
    SLICE_X3Y149         FDRE                                         r  DUT/DECAP_MODULE/DECRYPT/DECODE/RS_DECOD/COMPUTE_ROOTS/FFT_RETRIEVE_ERROR/error_buf_reg[83]/D
  -------------------------------------------------------------------    -------------------

Slack:                    inf
  Source:                 DUT/DECAP_MODULE/ENCAP_FOR_RENCRYPT/msg_in_reg[66]/C
                            (rising edge-triggered cell FDRE)
  Destination:            DUT/DECAP_MODULE/ENCAP_FOR_RENCRYPT/msg_in_reg[34]/D
  Path Group:             (none)
  Path Type:              Min at Fast Process Corner
  Data Path Delay:        0.121ns  (logic 0.083ns (68.595%)  route 0.038ns (31.405%))
  Logic Levels:           1  (FDRE=1)

    Location             Delay type                Incr(ns)  Path(ns)    Netlist Resource(s)
  -------------------------------------------------------------------    -------------------
    SLICE_X26Y156        FDRE                         0.000     0.000 r  DUT/DECAP_MODULE/ENCAP_FOR_RENCRYPT/msg_in_reg[66]/C
    SLICE_X26Y156        FDRE (Prop_FFF_SLICEL_C_Q)
                                                      0.083     0.083 r  DUT/DECAP_MODULE/ENCAP_FOR_RENCRYPT/msg_in_reg[66]/Q
                         net (fo=2, routed)           0.038     0.121    DUT/DECAP_MODULE/ENCAP_FOR_RENCRYPT/msg_in[66]
    SLICE_X26Y156        FDRE                                         r  DUT/DECAP_MODULE/ENCAP_FOR_RENCRYPT/msg_in_reg[34]/D
  -------------------------------------------------------------------    -------------------

Slack:                    inf
  Source:                 DUT/ENCAP_MODULE/msg_in_reg[106]/C
                            (rising edge-triggered cell FDRE)
  Destination:            DUT/ENCAP_MODULE/msg_in_reg[74]/D
  Path Group:             (none)
  Path Type:              Min at Fast Process Corner
  Data Path Delay:        0.121ns  (logic 0.084ns (69.421%)  route 0.037ns (30.579%))
  Logic Levels:           1  (FDRE=1)

    Location             Delay type                Incr(ns)  Path(ns)    Netlist Resource(s)
  -------------------------------------------------------------------    -------------------
    SLICE_X19Y66         FDRE                         0.000     0.000 r  DUT/ENCAP_MODULE/msg_in_reg[106]/C
    SLICE_X19Y66         FDRE (Prop_EFF_SLICEL_C_Q)
                                                      0.084     0.084 r  DUT/ENCAP_MODULE/msg_in_reg[106]/Q
                         net (fo=2, routed)           0.037     0.121    DUT/ENCAP_MODULE/msg_in[106]
    SLICE_X19Y66         FDRE                                         r  DUT/ENCAP_MODULE/msg_in_reg[74]/D
  -------------------------------------------------------------------    -------------------

Slack:                    inf
  Source:                 DUT/DECAP_MODULE/POLY_MULT/dshift_reg_reg[125]/C
                            (rising edge-triggered cell FDRE)
  Destination:            DUT/DECAP_MODULE/POLY_MULT/dshift_reg_reg_reg[125]/D
  Path Group:             (none)
  Path Type:              Min at Fast Process Corner
  Data Path Delay:        0.123ns  (logic 0.084ns (68.298%)  route 0.039ns (31.702%))
  Logic Levels:           1  (FDRE=1)

    Location             Delay type                Incr(ns)  Path(ns)    Netlist Resource(s)
  -------------------------------------------------------------------    -------------------
    SLICE_X27Y32         FDRE                         0.000     0.000 r  DUT/DECAP_MODULE/POLY_MULT/dshift_reg_reg[125]/C
    SLICE_X27Y32         FDRE (Prop_HFF_SLICEL_C_Q)
                                                      0.084     0.084 r  DUT/DECAP_MODULE/POLY_MULT/dshift_reg_reg[125]/Q
                         net (fo=2, routed)           0.039     0.123    DUT/DECAP_MODULE/POLY_MULT/dshift_reg[125]
    SLICE_X27Y32         FDRE                                         r  DUT/DECAP_MODULE/POLY_MULT/dshift_reg_reg_reg[125]/D
  -------------------------------------------------------------------    -------------------

Slack:                    inf
  Source:                 DUT/DECAP_MODULE/POLY_MULT/dshift_reg_reg[54]/C
                            (rising edge-triggered cell FDRE)
  Destination:            DUT/DECAP_MODULE/POLY_MULT/dshift_reg_reg_reg[54]/D
  Path Group:             (none)
  Path Type:              Min at Fast Process Corner
  Data Path Delay:        0.124ns  (logic 0.084ns (67.747%)  route 0.040ns (32.253%))
  Logic Levels:           1  (FDRE=1)

    Location             Delay type                Incr(ns)  Path(ns)    Netlist Resource(s)
  -------------------------------------------------------------------    -------------------
    SLICE_X27Y50         FDRE                         0.000     0.000 r  DUT/DECAP_MODULE/POLY_MULT/dshift_reg_reg[54]/C
    SLICE_X27Y50         FDRE (Prop_GFF_SLICEL_C_Q)
                                                      0.084     0.084 r  DUT/DECAP_MODULE/POLY_MULT/dshift_reg_reg[54]/Q
                         net (fo=2, routed)           0.040     0.124    DUT/DECAP_MODULE/POLY_MULT/dshift_reg[54]
    SLICE_X27Y50         FDRE                                         r  DUT/DECAP_MODULE/POLY_MULT/dshift_reg_reg_reg[54]/D
  -------------------------------------------------------------------    -------------------

Slack:                    inf
  Source:                 DUT/ENCAP_MODULE/msg_in_reg[66]/C
                            (rising edge-triggered cell FDRE)
  Destination:            DUT/ENCAP_MODULE/msg_in_reg[34]/D
  Path Group:             (none)
  Path Type:              Min at Fast Process Corner
  Data Path Delay:        0.124ns  (logic 0.084ns (67.747%)  route 0.040ns (32.253%))
  Logic Levels:           1  (FDRE=1)

    Location             Delay type                Incr(ns)  Path(ns)    Netlist Resource(s)
  -------------------------------------------------------------------    -------------------
    SLICE_X19Y66         FDRE                         0.000     0.000 r  DUT/ENCAP_MODULE/msg_in_reg[66]/C
    SLICE_X19Y66         FDRE (Prop_GFF_SLICEL_C_Q)
                                                      0.084     0.084 r  DUT/ENCAP_MODULE/msg_in_reg[66]/Q
                         net (fo=2, routed)           0.040     0.124    DUT/ENCAP_MODULE/msg_in[66]
    SLICE_X19Y66         FDRE                                         r  DUT/ENCAP_MODULE/msg_in_reg[34]/D
  -------------------------------------------------------------------    -------------------

Slack:                    inf
  Source:                 DUT/DECAP_MODULE/POLY_MULT/dshift_reg_reg[25]/C
                            (rising edge-triggered cell FDRE)
  Destination:            DUT/DECAP_MODULE/POLY_MULT/dshift_reg_reg_reg[25]/D
  Path Group:             (none)
  Path Type:              Min at Fast Process Corner
  Data Path Delay:        0.125ns  (logic 0.084ns (67.396%)  route 0.041ns (32.604%))
  Logic Levels:           1  (FDRE=1)

    Location             Delay type                Incr(ns)  Path(ns)    Netlist Resource(s)
  -------------------------------------------------------------------    -------------------
    SLICE_X27Y76         FDRE                         0.000     0.000 r  DUT/DECAP_MODULE/POLY_MULT/dshift_reg_reg[25]/C
    SLICE_X27Y76         FDRE (Prop_HFF_SLICEL_C_Q)
                                                      0.084     0.084 r  DUT/DECAP_MODULE/POLY_MULT/dshift_reg_reg[25]/Q
                         net (fo=2, routed)           0.041     0.125    DUT/DECAP_MODULE/POLY_MULT/dshift_reg[25]
    SLICE_X27Y76         FDRE                                         r  DUT/DECAP_MODULE/POLY_MULT/dshift_reg_reg_reg[25]/D
  -------------------------------------------------------------------    -------------------

Slack:                    inf
  Source:                 DUT/DECAP_MODULE/POLY_MULT/dshift_reg_reg[83]/C
                            (rising edge-triggered cell FDRE)
  Destination:            DUT/DECAP_MODULE/POLY_MULT/dshift_reg_reg_reg[83]/D
  Path Group:             (none)
  Path Type:              Min at Fast Process Corner
  Data Path Delay:        0.125ns  (logic 0.084ns (67.396%)  route 0.041ns (32.604%))
  Logic Levels:           1  (FDRE=1)

    Location             Delay type                Incr(ns)  Path(ns)    Netlist Resource(s)
  -------------------------------------------------------------------    -------------------
    SLICE_X27Y27         FDRE                         0.000     0.000 r  DUT/DECAP_MODULE/POLY_MULT/dshift_reg_reg[83]/C
    SLICE_X27Y27         FDRE (Prop_HFF_SLICEL_C_Q)
                                                      0.084     0.084 r  DUT/DECAP_MODULE/POLY_MULT/dshift_reg_reg[83]/Q
                         net (fo=2, routed)           0.041     0.125    DUT/DECAP_MODULE/POLY_MULT/dshift_reg[83]
    SLICE_X27Y27         FDRE                                         r  DUT/DECAP_MODULE/POLY_MULT/dshift_reg_reg_reg[83]/D
  -------------------------------------------------------------------    -------------------

Slack:                    inf
  Source:                 DUT/DECAP_MODULE/POLY_MULT/addr_0_intermediate_reg[8]/C
                            (rising edge-triggered cell FDRE)
  Destination:            DUT/DECAP_MODULE/POLY_MULT/addr_0_intermediate_reg_reg[8]/D
  Path Group:             (none)
  Path Type:              Min at Fast Process Corner
  Data Path Delay:        0.125ns  (logic 0.084ns (67.321%)  route 0.041ns (32.679%))
  Logic Levels:           1  (FDRE=1)

    Location             Delay type                Incr(ns)  Path(ns)    Netlist Resource(s)
  -------------------------------------------------------------------    -------------------
    SLICE_X23Y65         FDRE                         0.000     0.000 r  DUT/DECAP_MODULE/POLY_MULT/addr_0_intermediate_reg[8]/C
    SLICE_X23Y65         FDRE (Prop_CFF_SLICEL_C_Q)
                                                      0.084     0.084 r  DUT/DECAP_MODULE/POLY_MULT/addr_0_intermediate_reg[8]/Q
                         net (fo=4, routed)           0.041     0.125    DUT/DECAP_MODULE/POLY_MULT/addr_0_intermediate__0[8]
    SLICE_X23Y64         FDRE                                         r  DUT/DECAP_MODULE/POLY_MULT/addr_0_intermediate_reg_reg[8]/D
  -------------------------------------------------------------------    -------------------





