Copyright 1986-2022 Xilinx, Inc. All Rights Reserved.
-------------------------------------------------------------------------------------------------------------------------------------------------------
| Tool Version     : Vivado v.2022.2 (win64) Build 3671981 Fri Oct 14 05:00:03 MDT 2022
| Date             : Sun Feb  8 18:47:51 2026
| Host             : MSI running 64-bit major release  (build 9200)
| Command          : report_power -file HQC_wrapper_power_routed.rpt -pb HQC_wrapper_power_summary_routed.pb -rpx HQC_wrapper_power_routed.rpx
| Design           : HQC_wrapper
| Device           : xck26-sfvc784-2LV-c
| Design State     : routed
| Grade            : commercial
| Process          : typical
| Characterization : Production
-------------------------------------------------------------------------------------------------------------------------------------------------------

Power Report

Table of Contents
-----------------
1. Summary
1.1 On-Chip Components
1.2 Power Supply Summary
1.3 Confidence Level
2. Settings
2.1 Environment
2.2 Clock Constraints
3. Detailed Reports
3.1 By Hierarchy

1. Summary
----------

+--------------------------+-----------------------------------+
| Total On-Chip Power (W)  | 335.174 (Junction temp exceeded!) |
| Design Power Budget (W)  | Unspecified*                      |
| Power Budget Margin (W)  | NA                                |
| Dynamic (W)              | 333.125                           |
| Device Static (W)        | 2.049                             |
| Effective TJA (C/W)      | 2.3                               |
| Max Ambient (C)          | 0.0                               |
| Junction Temperature (C) | 125.0                             |
| Confidence Level         | Low                               |
| Setting File             | ---                               |
| Simulation Activity File | ---                               |
| Design Nets Matched      | NA                                |
+--------------------------+-----------------------------------+
* Specify Design Power Budget using, set_operating_conditions -design_power_budget <value in Watts>


1.1 On-Chip Components
----------------------

+--------------------------+-----------+----------+-----------+-----------------+
| On-Chip                  | Power (W) | Used     | Available | Utilization (%) |
+--------------------------+-----------+----------+-----------+-----------------+
| CLB Logic                |   125.021 |    34807 |       --- |             --- |
|   LUT as Logic           |   117.245 |    18548 |    117120 |           15.84 |
|   LUT as Distributed RAM |     4.472 |      672 |     57600 |            1.17 |
|   Register               |     2.964 |     9964 |    234240 |            4.25 |
|   CARRY8                 |     0.337 |      109 |     14640 |            0.74 |
|   LUT as Shift Register  |     0.002 |        3 |     57600 |           <0.01 |
|   BUFG                   |     0.001 |        4 |        32 |           12.50 |
|   Others                 |     0.000 |      502 |       --- |             --- |
|   F7/F8 Muxes            |     0.000 |     1837 |    117120 |            1.57 |
| Signals                  |   175.739 |    27859 |       --- |             --- |
| Block RAM                |     7.703 |     62.5 |       144 |           43.40 |
| I/O                      |    24.662 |      113 |       189 |           59.79 |
| Static Power             |     2.049 |          |           |                 |
| Total                    |   335.174 |          |           |                 |
+--------------------------+-----------+----------+-----------+-----------------+


1.2 Power Supply Summary
------------------------

+-----------------+-------------+-----------+-------------+------------+-------------+-------------+------------+
| Source          | Voltage (V) | Total (A) | Dynamic (A) | Static (A) | Powerup (A) | Budget (A)  | Margin (A) |
+-----------------+-------------+-----------+-------------+------------+-------------+-------------+------------+
| Vccint          |       0.720 |   429.173 |     427.074 |      2.099 |       NA    | Unspecified | NA         |
| Vccint_io       |       0.850 |     1.277 |       1.157 |      0.120 |       NA    | Unspecified | NA         |
| Vccbram         |       0.850 |     1.184 |       1.152 |      0.032 |       NA    | Unspecified | NA         |
| Vccaux          |       1.800 |     0.187 |       0.000 |      0.187 |       NA    | Unspecified | NA         |
| Vccaux_io       |       1.800 |     2.889 |       2.857 |      0.032 |       NA    | Unspecified | NA         |
| Vcco33          |       3.300 |     0.000 |       0.000 |      0.000 |       NA    | Unspecified | NA         |
| Vcco25          |       2.500 |     0.000 |       0.000 |      0.000 |       NA    | Unspecified | NA         |
| Vcco18          |       1.800 |    10.292 |      10.292 |      0.000 |       NA    | Unspecified | NA         |
| Vcco15          |       1.500 |     0.000 |       0.000 |      0.000 |       NA    | Unspecified | NA         |
| Vcco135         |       1.350 |     0.000 |       0.000 |      0.000 |       NA    | Unspecified | NA         |
| Vcco12          |       1.200 |     0.000 |       0.000 |      0.000 |       NA    | Unspecified | NA         |
| Vcco10          |       1.000 |     0.000 |       0.000 |      0.000 |       NA    | Unspecified | NA         |
| Vccadc          |       1.800 |     0.008 |       0.000 |      0.008 |       NA    | Unspecified | NA         |
| VCC_PSINTFP     |       0.850 |     0.000 |       0.000 |      0.000 |       NA    | Unspecified | NA         |
| VCC_PSINTLP     |       0.850 |     0.000 |       0.000 |      0.000 |       NA    | Unspecified | NA         |
| VPS_MGTRAVCC    |       0.850 |     0.000 |       0.000 |      0.000 |       NA    | Unspecified | NA         |
| VCC_PSINTFP_DDR |       0.850 |     0.000 |       0.000 |      0.000 |       NA    | Unspecified | NA         |
| VCC_PSPLL       |       1.200 |     0.000 |       0.000 |      0.000 |       NA    | Unspecified | NA         |
| VPS_MGTRAVTT    |       1.800 |     0.000 |       0.000 |      0.000 |       NA    | Unspecified | NA         |
| VCCO_PSDDR_504  |       1.200 |     0.000 |       0.000 |      0.000 |       NA    | Unspecified | NA         |
| VCC_PSAUX       |       1.800 |     0.000 |       0.000 |      0.000 |       NA    | Unspecified | NA         |
| VCC_PSBATT      |       1.200 |     0.000 |       0.000 |      0.000 |       NA    | Unspecified | NA         |
| VCC_PSDDR_PLL   |       1.800 |     0.000 |       0.000 |      0.000 |       NA    | Unspecified | NA         |
| VCCO_PSIO0_500  |       3.300 |     0.000 |       0.000 |      0.000 |       NA    | Unspecified | NA         |
| VCCO_PSIO1_501  |       3.300 |     0.000 |       0.000 |      0.000 |       NA    | Unspecified | NA         |
| VCCO_PSIO2_502  |       3.300 |     0.000 |       0.000 |      0.000 |       NA    | Unspecified | NA         |
| VCCO_PSIO3_503  |       3.300 |     0.000 |       0.000 |      0.000 |       NA    | Unspecified | NA         |
| VCC_PSADC       |       1.800 |     0.000 |       0.000 |      0.000 |       NA    | Unspecified | NA         |
| MGTAVcc         |       0.900 |     0.000 |       0.000 |      0.000 |       NA    | Unspecified | NA         |
| MGTAVtt         |       1.200 |     0.000 |       0.000 |      0.000 |       NA    | Unspecified | NA         |
| MGTVccaux       |       1.800 |     0.000 |       0.000 |      0.000 |       NA    | Unspecified | NA         |
+-----------------+-------------+-----------+-------------+------------+-------------+-------------+------------+
* The Vccint supply current exceeds the maximum limit of the selected package.  See the PCB design user guide for limit values.


1.3 Confidence Level
--------------------

+-----------------------------+------------+--------------------------------------------------------+--------------------------------------------------------------------------------------------------------------------+
| User Input Data             | Confidence | Details                                                | Action                                                                                                             |
+-----------------------------+------------+--------------------------------------------------------+--------------------------------------------------------------------------------------------------------------------+
| Design implementation state | High       | Design is routed                                       |                                                                                                                    |
| Clock nodes activity        | Low        | User specified less than 75% of clocks                 | Provide missing clock activity with a constraint file, simulation results or by editing the "By Clock Domain" view |
| I/O nodes activity          | Low        | More than 75% of inputs are missing user specification | Provide missing input activity with simulation results or by editing the "By Resource Type -> I/Os" view           |
| Internal nodes activity     | Medium     | User specified less than 25% of internal nodes         | Provide missing internal nodes activity with simulation results or by editing the "By Resource Type" views         |
| Device models               | High       | Device models are Production                           |                                                                                                                    |
|                             |            |                                                        |                                                                                                                    |
| Overall confidence level    | Low        |                                                        |                                                                                                                    |
+-----------------------------+------------+--------------------------------------------------------+--------------------------------------------------------------------------------------------------------------------+


2. Settings
-----------

2.1 Environment
---------------

+-----------------------+--------------------------+
| Ambient Temp (C)      | 25.0                     |
| ThetaJA (C/W)         | 2.3                      |
| Airflow (LFM)         | 250                      |
| Heat Sink             | medium (Medium Profile)  |
| ThetaSA (C/W)         | 5.5                      |
| Board Selection       | medium (10"x10")         |
| # of Board Layers     | 12to15 (12 to 15 Layers) |
| Board Temperature (C) | 25.0                     |
+-----------------------+--------------------------+


2.2 Clock Constraints
---------------------

+-------+--------+-----------------+
| Clock | Domain | Constraint (ns) |
+-------+--------+-----------------+


3. Detailed Reports
-------------------

3.1 By Hierarchy
----------------

+-------------------------------------------------------------------------------+-----------+
| Name                                                                          | Power (W) |
+-------------------------------------------------------------------------------+-----------+
| HQC_wrapper                                                                   |   333.125 |
|   DUT                                                                         |   296.425 |
|     DECAP_MODULE                                                              |    87.962 |
|       DECODE/RM_DECOD/HADAMARD/HADAMARD_LAYER[0].HL/FIFO_F0/fifo_reg_0_31_0_3 |     0.021 |
|       DECODE/RM_DECOD/HADAMARD/HADAMARD_LAYER[0].HL/FIFO_F1/fifo_reg_0_31_0_3 |     0.021 |
|       DECODE/RM_DECOD/HADAMARD/HADAMARD_LAYER[0].HL/FIFO_S0/fifo_reg_0_31_0_3 |     0.022 |
|       DECODE/RM_DECOD/HADAMARD/HADAMARD_LAYER[0].HL/FIFO_S1/fifo_reg_0_31_0_3 |     0.021 |
|       DECRYPT                                                                 |    16.099 |
|       ENCAP_FOR_RENCRYPT                                                      |    63.998 |
|       POLY_MULT                                                               |     7.475 |
|     ENCAP_MODULE                                                              |    67.244 |
|       D_MEM                                                                   |     0.230 |
|       ENCRYPT                                                                 |    64.434 |
|       HASH_MEM                                                                |     0.502 |
|       MSG_MEM                                                                 |     1.072 |
|     KEYGEN_MODULE                                                             |    49.476 |
|       FIXEDWEIGHT                                                             |     3.246 |
|       LOC_BASED_ADDER                                                         |     4.812 |
|       POLY_MULT                                                               |    12.248 |
|       VECTSETRAND                                                             |    28.173 |
|       x_mem                                                                   |     0.425 |
|     SHAKE256                                                                  |    91.744 |
|       control_path_instance                                                   |    49.849 |
|       data_path_instance                                                      |    41.895 |
|   RAM_H                                                                       |     1.955 |
|   RAM_S                                                                       |     3.559 |
|   RAM_U                                                                       |     1.966 |
|   RAM_V                                                                       |     2.479 |
|   clk_IBUF_inst                                                               |     0.005 |
|   gpio_addr_IBUF[0]_inst                                                      |     0.024 |
|   gpio_addr_IBUF[10]_inst                                                     |     0.006 |
|   gpio_addr_IBUF[11]_inst                                                     |     0.006 |
|   gpio_addr_IBUF[12]_inst                                                     |     0.006 |
|   gpio_addr_IBUF[13]_inst                                                     |     0.006 |
|   gpio_addr_IBUF[14]_inst                                                     |     0.006 |
|   gpio_addr_IBUF[15]_inst                                                     |     0.006 |
|   gpio_addr_IBUF[16]_inst                                                     |     0.006 |
|   gpio_addr_IBUF[17]_inst                                                     |     0.006 |
|   gpio_addr_IBUF[18]_inst                                                     |     0.006 |
|   gpio_addr_IBUF[19]_inst                                                     |     0.006 |
|   gpio_addr_IBUF[1]_inst                                                      |     0.026 |
|   gpio_addr_IBUF[20]_inst                                                     |     0.009 |
|   gpio_addr_IBUF[21]_inst                                                     |     0.006 |
|   gpio_addr_IBUF[22]_inst                                                     |     0.006 |
|   gpio_addr_IBUF[23]_inst                                                     |     0.006 |
|   gpio_addr_IBUF[24]_inst                                                     |     0.006 |
|   gpio_addr_IBUF[25]_inst                                                     |     0.006 |
|   gpio_addr_IBUF[26]_inst                                                     |     0.006 |
|   gpio_addr_IBUF[27]_inst                                                     |     0.006 |
|   gpio_addr_IBUF[28]_inst                                                     |     0.006 |
|   gpio_addr_IBUF[29]_inst                                                     |     0.006 |
|   gpio_addr_IBUF[2]_inst                                                      |     0.030 |
|   gpio_addr_IBUF[30]_inst                                                     |     0.006 |
|   gpio_addr_IBUF[31]_inst                                                     |     0.006 |
|   gpio_addr_IBUF[3]_inst                                                      |     0.026 |
|   gpio_addr_IBUF[4]_inst                                                      |     0.025 |
|   gpio_addr_IBUF[5]_inst                                                      |     0.021 |
|   gpio_addr_IBUF[6]_inst                                                      |     0.023 |
|   gpio_addr_IBUF[7]_inst                                                      |     0.022 |
|   gpio_addr_IBUF[8]_inst                                                      |     0.007 |
|   gpio_addr_IBUF[9]_inst                                                      |     0.007 |
|   gpio_ctrl_IBUF[10]_inst                                                     |     0.033 |
|   gpio_ctrl_IBUF[11]_inst                                                     |     0.035 |
|   gpio_ctrl_IBUF[12]_inst                                                     |     0.027 |
|   gpio_ctrl_IBUF[13]_inst                                                     |     0.070 |
|   gpio_ctrl_IBUF[14]_inst                                                     |     0.067 |
|   gpio_ctrl_IBUF[15]_inst                                                     |     0.045 |
|   gpio_ctrl_IBUF[1]_inst                                                      |     0.019 |
|   gpio_ctrl_IBUF[2]_inst                                                      |     0.121 |
|   gpio_ctrl_IBUF[3]_inst                                                      |     0.121 |
|   gpio_ctrl_IBUF[4]_inst                                                      |     0.016 |
|   gpio_ctrl_IBUF[5]_inst                                                      |     0.017 |
|   gpio_ctrl_IBUF[6]_inst                                                      |     0.025 |
|   gpio_ctrl_IBUF[7]_inst                                                      |     0.062 |
|   gpio_ctrl_IBUF[8]_inst                                                      |     0.065 |
|   gpio_ctrl_IBUF[9]_inst                                                      |     0.017 |
|   gpio_wdata_IBUF[0]_inst                                                     |     0.016 |
|   gpio_wdata_IBUF[10]_inst                                                    |     0.018 |
|   gpio_wdata_IBUF[11]_inst                                                    |     0.020 |
|   gpio_wdata_IBUF[12]_inst                                                    |     0.022 |
|   gpio_wdata_IBUF[13]_inst                                                    |     0.023 |
|   gpio_wdata_IBUF[14]_inst                                                    |     0.020 |
|   gpio_wdata_IBUF[15]_inst                                                    |     0.021 |
|   gpio_wdata_IBUF[16]_inst                                                    |     0.021 |
|   gpio_wdata_IBUF[17]_inst                                                    |     0.021 |
|   gpio_wdata_IBUF[18]_inst                                                    |     0.020 |
|   gpio_wdata_IBUF[19]_inst                                                    |     0.022 |
|   gpio_wdata_IBUF[1]_inst                                                     |     0.018 |
|   gpio_wdata_IBUF[20]_inst                                                    |     0.023 |
|   gpio_wdata_IBUF[21]_inst                                                    |     0.019 |
|   gpio_wdata_IBUF[22]_inst                                                    |     0.020 |
|   gpio_wdata_IBUF[23]_inst                                                    |     0.019 |
|   gpio_wdata_IBUF[24]_inst                                                    |     0.020 |
|   gpio_wdata_IBUF[25]_inst                                                    |     0.019 |
|   gpio_wdata_IBUF[26]_inst                                                    |     0.023 |
|   gpio_wdata_IBUF[27]_inst                                                    |     0.019 |
|   gpio_wdata_IBUF[28]_inst                                                    |     0.019 |
|   gpio_wdata_IBUF[29]_inst                                                    |     0.022 |
|   gpio_wdata_IBUF[2]_inst                                                     |     0.020 |
|   gpio_wdata_IBUF[30]_inst                                                    |     0.019 |
|   gpio_wdata_IBUF[31]_inst                                                    |     0.019 |
|   gpio_wdata_IBUF[3]_inst                                                     |     0.019 |
|   gpio_wdata_IBUF[4]_inst                                                     |     0.020 |
|   gpio_wdata_IBUF[5]_inst                                                     |     0.019 |
|   gpio_wdata_IBUF[6]_inst                                                     |     0.018 |
|   gpio_wdata_IBUF[7]_inst                                                     |     0.019 |
|   gpio_wdata_IBUF[8]_inst                                                     |     0.019 |
|   gpio_wdata_IBUF[9]_inst                                                     |     0.020 |
+-------------------------------------------------------------------------------+-----------+


