11000011100100100111001000010100111110011110110000001101100001101100100111111100010000111000111110000010000101000110010100000011
10101001000001111000101011100000100011001010101100110101100011101101011001001010100101101010011110011001001100011110000001000001
01101000110011100010101011011111100101111111100010100000011110010010111111001011011111100011111000110010000010000011100110011101
01111111111100101000001000000100110011001110101101111111111110111000101100001100101011111110000001010101111001000000000010001011
01010001011000101001101001010010000111111110111000110001100100101100111110001110000110011100000110010100110001101100111010111001
01101000010000100111100000110100110001011101110001011101011100000110101000000011101110000010011101010011000110101110100111110100
00010011001110100011001011101011001001001110100100001111111110111000100110100001001101101010111101000111101011001101001110001101
01000011010011010101011110110011010000001011000011010111110101110111010110100010001010111110111111010111111010101000011101101011
01100000001010110110111110010010101110000011001010100010110110000110111111111010111000001111101000011100000010101010011001101001
10001111101111101101011101011001000100101011101010001101001110000001101111100111001110001001000110111011111101110000011000110011
01011011101111000011111000011110000100001101001010111101100011101111110010000010000010000011001011010011110110101001111000001000
10010011011101010001000010110000101011011010100100010010111000000111010111011010100100101101010101100011001111001110011001001000
10010011011001101110111010001001010110110010010100110001011001111000101110000000010001101110001011000000111010110101010001011101
00100001101100101001001001100011010101011001000011101111000110000100100011010100111111011000111001110110011101111100110010011101
11011100000100001100010111010000101110011000001110000001110101000101111111011101000101000011111011000110010010101010001101111101
00011111100111011000000000100101011101101110011011011011001111101011100011100101001110110111111001110110111001101110010001011101
10111111101010100110101011001110010100100000111011010010110011000011110110011111000000001000001011011110111101110001110110011011
10001100000010100110000111111111011100001010000010001011110001111001001101111000111110110100011110101010110101110011111001011101
10000010110100000110111000010111010101010111000100000010110100100011100001000001001001011100110101110111010110001111111000100111
11000011000001111101000100100001101101001110110100011111011000110111000011100110000011011010010010111000110010001000111000110010
00000101010110110011000011110101101010011010011000101101000010100010101000110001100001100100010110111100000000100111001011001000
01100010011000000100100110110101100111101011111011111111011011010111101110100000001001010101100001100110110100101111000010011011
11100101101011011001011111011011101001110001110010000101010100000111010011110111100010111100101110010010011101001110101100101011
01110100101101010101101111111101000111011110011110111110110111011111110110110000011001111110011110110010010101110010001101100110
11100001010100010000101010100111001001011000001110100001000000100001100011111011111110000110000011000000000010010111010000100011
11110101011010010101001010101001001110000111110001101001111000010010010010101110011011110100100000100111100101110000001011111110
01100110011101101011101101010111110000100100111010011000111100001110111110010010100011101101110110000000110111101000110000101110
01110100100101010001100111111101100000100111011110100010100011111101110010001010001100111010101001111100011010101100110110100010
10010100000100110001101011111010100011110111101100111101010100100001000011100011011101110011001011110101011111100110011011101101
10010111100110100110001011100101011001000000101111001001011100001110111011011001111111101001101101100011110110100001010010100010
11000111111000001110010010100111011001000100011101011111100100110101001101110101110011110011011001100000011111010110011010001001
01100110100110010001000010100101010011100001100100101111010010000000011011100110010011010000101011101001111000011111111110101010
11110111101000100001010011000111111100010000100010101001011111111100110000111111100110000111001110110110100011101100110001111111
01101011111010101111111100100111010100001001110001011001000110000101100111100011101111110101001011010111010100011001111010011110
00001111010010001100101101100011011000001110101110010010010101111101111100011100101000101111101011110111100101110111010000110101
01001001011011001110001000111011010000111101111001110110011001111100100101000000010110000001111100101110011010101000001110111100
11001010010001111101111100111100001000011000001001111010111011001110100000000001001100001011000101000011101011110010001100111011
10010111100011101001100001011101101001101010010001011011001110110011101000011011100111111101001001101011101111110110011111110000
01101100000110101011000101111011101010000101110100001010100101001100110010110010010111001000001111101110100010011000010010010110
01100001101010011100110110010100101011111100001111101001011011010001111100111100111010011110010111001010000100100101001000011000
10110100100111001101011001010010001010100000110110110101110010010101001000011110111101110010101010100101001111010011101110100100
10001100011101101011101001011111100011011111010001111101010111010100101111000001010011000000111010101110111110100010011110000001
00010100110101100111000101010100011010110000111111100010111011000111000111100001111000101110001111001101010101011110001011101100
11111100010110000001010001010000000001010011000000001111010101100011010001101101010101001000110111000010101011110101110010101101
10011001111111000101100101101101001111001001110101100000001010101100100000011001000111111011010010100000111000101110001001000000
10100101011111011011001011100011010110111010011101100011011001010011111011001110110110100101001111011101000011100010010010000101
10000000110010011101111010110001010101100110100100011110001110111110010110001111011001011000000111001101111100110111000010111110
00100011011010000110111010000110000101101100001110100100011001101010110010100001101000010001110001100000101111000111101010011100
01111100111100110000011110110100110001110000000111111010111010001001111011110100110101000110101010100111101111111001110011100100
01101011010111001101001010001110011100101101010010011000110010110011110111101011101000101110110100000010100001010011000001010001
01001001100010101110001011111100001101000001011111111101011111101001100100011111111100111010100101001111100000001010111101001100
10100010000101000111100011001110101010000100011000101011101000100101011100010111110011100001011101110001110010010001011111100111
01110011000111100101001011011010110011100000100010101101101111100110100110101001001011110000101000010001001011011101011101111010
00010010010110111101100111001100011110001001101110011001010101100100010101111010011100000100101110101101100011011110100100000000
11100101011100110010100100000100000101111001100111100100110101100011110110010000011111100110011111010111111000010101101111111011
01101111000000110110011110000011011001000101001101101001110111111101011111000111101010011101001111100001110100000010011101110000
01100111110110101011100111111010011010101101100100101110101100111010101000000101010101010000111011001111011001111001111001001010
11010000101100010011101001001101010001111100001011101110000010110101101011000111100000101110101101111000100110100100110011000010
01111001111011010100111001011101101001001001110101110111001111100000010011110110000010011111000000010100011010100100000000011010
01000101011110010101100000111001000100111011011110101010110011110111110011010011001010000010111001001011010000100011011110110000
00010011101111010101100010110010010001110011111001000111111000100001101110011010110000101101101001100001010101011100111010100111
01011010011010110110011001101110011001001010101011110001001100111011001100101111011011110001101000100011100000110011101100001100
00100110001110000101001100011010100101010000000011001100101101111100100110000110101001001000000000011100101111011011011101100110
01010000111000000101011110001000111111001110101001010000010101111011110010101110101011001111110100110010000100100111100000000111
01100010001000000010011011001101001101000110000111110110100110010000101000001110110011001010011111110111000110000010111011111100
10100100100011100111111100011000001000001000000101110011100101001110100000011011110000100101111001100100001101101000111100110001
11101100100100110111101010110101110101111110111111010100111001110001011011011101011110000010010110110110110101011011011011010111
00101110101010101111010010011000100000010000001010001000111110110000111101001001101110101000000110100011111101111011111111010011
00010000000011000010000110101011010111001001011001101100001011011111100101001110101010000110111010010110110010101001000100110100
01101110000101000011010011111101111101001000011010100110000000011010001011010101111011011000101100001001101110101110110100101100
01010100101101101100101001100001010101000110001100101000000001111011100110010011011101000000111000011010010101000100011111100111
01100000011011010101011110001001111011100000001010010010000001010100000001101110110111001101111110010000011111101111111010011010
01101001001010111110100111101001011100110111000000110100101010000100100010111010001010101100011101000000010100100100101010011001
10001101110101001100110001100110001100101000110110100110001101111111111111110011011101100100010101111000111010001111100110100110
01011010100110100010111001100110101001110000011111110011100011000100001111110001111100011110101001101101110011011010010111100110
10011000100110101010100010001101101010101001011100000100011101111101101001111001011010010100111010000110110110001000001111111001
10000100000101100111010001100000001101111010000010000010101100100001110000011111010001101010011101101100011011001000010000001011
11000000100010011011101101110110010010011101011000010101101010011010001011111101100011001001001000001100000110001111110000110101
00000111000101110000110101010111111110001110111111110110101000110111100101101101110001110111000100000100000000011100110010000110
10000000001110011101100111111111001001011101010000110100110110110010001101111110000000011001000101100101100001000000111001111000
10010001011110011110101001110111110011100010101000000001000000101001011010010001110111101000000100101101000011010100000001011011
01100111011111011100010111001011111001101100111010011110111110011000000000110100010111100101101001000010100110010111011111000000
11001101110101001011101001110000001100001101110110010100110110001110000010110111100000101001110101110001101011011010111100110110
00011010010000000101100000110101111101010010100110001101101001011000111001111001101000011010000111001100010111011110010010100111
10000111010000101000000111010110001110111101110100110001000110111101101111101100000000010111000100111011011001000011101100110010
01110101101000111111110110011110010001001000011010010100000111110100011000000011110010110100101111011100100000101000011101111101
00000100000101001110101011101011001000000001001011011111100010010001010000100110011110011100010101101001010000001000101001111100
00101101000010000111101001100101101111001010000011010100111001001100000111101101000001110111011011010110100010010011000000000111
10110000001101010011000100110001110010101100111011110001010011000100110000110111011010010010100101001110010011100110010011001000
10111001111000001111101000001001100101010011100101101010110100110101000100011101100100100100101101000101111111000010000111111101
10111111000010111001011100110001100001111101011111011101001000110101110110000010100010111010111100101011010000110101101110001000
01101001101111110001001111001000000010000001111100000001110101111101010011010011001001111000101000010111010110011100100001111110
10011001101011010110010011010111110100000110001111000100000000011010010000010110101100010100000011110110101001100001000101001001
01100010001101110100111101000100100010100111101111111011101001011100111001101001000110101101010011000001110100111101100010010000
00001100001011001011001010010100000011110001000010101111110000001000011010010110111110100100100001001011100101000101100010111011
00011111111101000101011111001100000111100100110111001100001101000011010101001100101010000101110111111110010000101011100100010001
11100011011111010001010010001010110111101011000010101101001010001000010010011000100100111010000010011101101000100010011001001000
10000001111101011010110011010000011110001010001101001101111100100011010100110011101110110101010101110101100111011101011010000011
00110100100101101000100011001010011101010101000111110100011010011100010011010101110110001000011111000010111111101101010101000101
10001100011011100100100011101110101000110110011100111110111100001001000111011011001111101101010101001110110110000001101101001101
11010101000101110100110011011000000111000000110001010011011100011110000110000011110100100100101111111000111001111011010110101011
01101001011011001000001111100111001011111010100111000001000000110001010001110111000010010000011010000111111001000011000110000011
10010100010001000010001000001011010111101011000001011011100000010101000100110101011001100011101100101000111010100111101001100111
01110101100100000101010110001010101001110010000011101010110001001000000000100011111001010100110101100000100101011010101110011001
11011101011110010101111101111101000100011011000101110101111111111110111000100100111000111110010010100010111100101111010001001011
11011110010111000011010101101000011011111001100101101101010001011000000000111001101101111101011111011101001011101101101100111011
10111100101100001101011111101011000101101110011010101011101111100111011010111000001110011011101111010110101011001010110010000000
10001110011001110010110010010011000100100000011000000001001011101011010001001010111100000110001101001111100011000110000001100111
11110001011010011100100101011100001101011100111000101101011111111111010100100111010100010100010000010000100000010110000111111101
10000001100000011111111101110000010100000000101101100110100001111011000001111110000001101010111100111100000101001000001100010100
01011110001011010101101111011100000000101101100110001010000011010110010000011011101101001100011011000011110110101011010001101110
11011011111111000101001001101101101110100110000110111110101111011000000100111101001001110111011001000001101111100111001111011000
10110110000011110100010100010100000111110110001010101011010010111101011010110110110111100111111001110000111000000100111010110010
10111010000101001000101111110011101111010111010110000001010001111000101100100110010010010001100010011011100010000011101110011011
00000010000111101110100001000000111010101110101100000011001010111000100001010000101110001100110010001001101011110000111000110100
00000111000110100110110110000111111001010110111100101010110110110000001001001001001101111110101001100001100011010000001011100011
01100100010010111000101110110001010100010011001011010000001001000001100000010001000001000001110011010000011011110010100100100101
00010100100110001101101101010001110111001001011110001111101000111011101010000000101101101111100100001110101100110001111011001101
11111011011001110100011001000111000100010001001010000001001110111100100101000110010011101111101110110000000100000111000010101101
01001111110101011100100101000110001001001010000001011101001110000000111101111010001010111100001100100000100101101011111101101111
10100111110110111000100010111010111100001001101110001110000000111001111000010100000100011000110111110101000110101110100001001001
10100000111000100011100100010110100000000010000000010101000000010011101110110001011011011010100101011011101111001100000000101000
00001000010011101101101000011100100110101101010110111010101100101110000000011111011111111011001101010010000111010011110111001101
11010110111010110010111101001011110011011000100000001110001100001001100101001000110010100011011010000111101110011100101100111110
00011111000010110111000110000011000110011101110000101101010111111110101011111000110111010111101001100000101111111000101011100101
10101111110010100100101100010010011001000111011001111011111001011110111010000100010100001101101001010110100011101000110101110011
11011101001111100000010101100111100001011101100110111011000111101111101011011101101101011010000010111010011110111010111101100101
00100001010110100101010100100001000100011000101011101101010110101110011000011111110101001100001000111000001100111011101111001111
11000101110100000011011011011101101000000110011010101111100011101101110010101111010100011000111101001110000111101111101100110110
11011100101111010100111101001010110000000000011010100101001001000101101010010001100100110110110011000011110011110001111011100010
01000000100010010010101101111000011011110100110010001100110110100000101101101000011010111001100010100111001000000110101111111011
00010100001111101011110001101011010100111100100001000110010100000000000011111000001000010111000110000110011110101100101110010010
11010110101000000011110111010100110000010100111001111001010101100011010000001101011100011011110000011011110100000110101000000010
11110110010110101000010011011010111111100110100110010110110001101110011010100101110110000101001110011010100100111010110111000001
11000111101010011000111010100000001110011100010010011101110110001110001100011101000001001110011110111000000111110010000001111010
01111110011011100110000010001110001011011011010110110100001100111011110100001110110001111100100110001011000011011000110111001110
00100010010011001000101101110101111110111100010110111100011000001111110001000100101011100011001011100010101001101011000111011010
10011000000111100110010001100101111000001100011100111001001001111100001111100101000101100001110000100000100111100010010111010111
00000000000000000000000000000000000000000000000000000000000000000000000000000000000000000000000000000000000000000000000000001101
