011100100001111
011101110001110
000000101101001
011100001101010
011001101110110
010001111110101
000001110101110
000000011100010
000101011111000
011000011001011
011010011011000
100000110011101
001010011100110
001110101001010
001101000111001
001101111100011
100000011101111
001001000101011
011110000100111
001001111101100
100001110011110
000110010000011
001011010001101
011000110011010
011011000111100
000100001111100
010000110000101
011011100010100
001110010010110
001101001110101
000011101100111
010111010110011
011011000100001
000100110001101
100001110111011
010110101000100
000010010110100
001110111001001
010111111100011
011000010010000
001010011111100
001110011010101
001011001110100
000011011111001
011000100011101
001101001001111
001101110001111
001001011010110
100001100101111
100001110010101
000100011111100
011001101100110
000010000110101
010111101001111
000011110001001
011111010011001
011011011001111
010010101001101
000110101111110
000101111010000
001010111111001
000001000100000
010101001011010
010101000001000
000101011011001
000010001000101
