001001010010100
001000011111000
011011111110001
010001100001011
011110000000101
000100000101111
000100110011001
100001001100001
100001001100100
010000100100010
000011100011100
001111000000110
000001001100011
010100000111011
011000011010010
010100111111110
001110100100011
000000010110011
011101000001010
010110011100010
100010001111110
011000010100101
100000000110001
011010001011111
001100010001110
100000100010110
010100110000010
010010101101000
000001010010111
010000010110111
010111110111110
010001000111100
001001000000011
010011110011111
001001111000100
001110001001010
010001110111100
010000111101100
010010101111110
000110101010110
010111011100010
010000110001110
011011110010111
010110011101000
011110110000100
001000000101001
000111110101101
000000000001011
001111001011010
010001110110101
010101100111101
011001111100000
000011101001000
010000011101000
010000011000001
001001011011101
011110001000111
011011111110110
000111010011100
010001001001011
001110110001111
010001011100111
001100100011011
001000011101100
001001011011001
010011011110110
