Copyright 1986-2022 Xilinx, Inc. All Rights Reserved.
-----------------------------------------------------------------------------------------------------------------
| Tool Version : Vivado v.2022.2 (win64) Build 3671981 Fri Oct 14 05:00:03 MDT 2022
| Date         : Sun Feb  8 18:41:55 2026
| Host         : MSI running 64-bit major release  (build 9200)
| Command      : report_utilization -file HQC_wrapper_utilization_synth.rpt -pb HQC_wrapper_utilization_synth.pb
| Design       : HQC_wrapper
| Device       : xck26-sfvc784-2LV-c
| Speed File   : -2LV
| Design State : Synthesized
-----------------------------------------------------------------------------------------------------------------

Utilization Design Information

Table of Contents
-----------------
1. CLB Logic
1.1 Summary of Registers by Type
2. BLOCKRAM
3. ARITHMETIC
4. I/O
5. CLOCK
6. ADVANCED
7. CONFIGURATION
8. Primitives
9. Black Boxes
10. Instantiated Netlists

1. CLB Logic
------------

+----------------------------+-------+-------+------------+-----------+-------+
|          Site Type         |  Used | Fixed | Prohibited | Available | Util% |
+----------------------------+-------+-------+------------+-----------+-------+
| CLB LUTs*                  | 19648 |     0 |          0 |    117120 | 16.78 |
|   LUT as Logic             | 18575 |     0 |          0 |    117120 | 15.86 |
|   LUT as Memory            |  1073 |     0 |          0 |     57600 |  1.86 |
|     LUT as Distributed RAM |  1070 |     0 |            |           |       |
|     LUT as Shift Register  |     3 |     0 |            |           |       |
| CLB Registers              |  9965 |     0 |          0 |    234240 |  4.25 |
|   Register as Flip Flop    |  9713 |     0 |          0 |    234240 |  4.15 |
|   Register as Latch        |   252 |     0 |          0 |    234240 |  0.11 |
| CARRY8                     |   109 |     0 |          0 |     14640 |  0.74 |
| F7 Muxes                   |  1292 |     0 |          0 |     58560 |  2.21 |
| F8 Muxes                   |   545 |     0 |          0 |     29280 |  1.86 |
| F9 Muxes                   |     0 |     0 |          0 |     14640 |  0.00 |
+----------------------------+-------+-------+------------+-----------+-------+
* Warning! The Final LUT count, after physical optimizations and full implementation, is typically lower. Run opt_design after synthesis, if not already completed, for a more realistic count.
Warning! LUT value is adjusted to account for LUT combining.


1.1 Summary of Registers by Type
--------------------------------

+-------+--------------+-------------+--------------+
| Total | Clock Enable | Synchronous | Asynchronous |
+-------+--------------+-------------+--------------+
| 0     |            _ |           - |            - |
| 0     |            _ |           - |          Set |
| 0     |            _ |           - |        Reset |
| 0     |            _ |         Set |            - |
| 0     |            _ |       Reset |            - |
| 0     |          Yes |           - |            - |
| 0     |          Yes |           - |          Set |
| 252   |          Yes |           - |        Reset |
| 121   |          Yes |         Set |            - |
| 9592  |          Yes |       Reset |            - |
+-------+--------------+-------------+--------------+


2. BLOCKRAM
-----------

+-------------------+------+-------+------------+-----------+-------+
|     Site Type     | Used | Fixed | Prohibited | Available | Util% |
+-------------------+------+-------+------------+-----------+-------+
| Block RAM Tile    | 62.5 |     0 |          0 |       144 | 43.40 |
|   RAMB36/FIFO*    |   51 |     0 |          0 |       144 | 35.42 |
|     RAMB36E2 only |   51 |       |            |           |       |
|   RAMB18          |   23 |     0 |          0 |       288 |  7.99 |
|     RAMB18E2 only |   23 |       |            |           |       |
| URAM              |    0 |     0 |          0 |        64 |  0.00 |
+-------------------+------+-------+------------+-----------+-------+
* Note: Each Block RAM Tile only has one FIFO logic available and therefore can accommodate only one FIFO36E2 or one FIFO18E2. However, if a FIFO18E2 occupies a Block RAM Tile, that tile can still accommodate a RAMB18E2


3. ARITHMETIC
-------------

+-----------+------+-------+------------+-----------+-------+
| Site Type | Used | Fixed | Prohibited | Available | Util% |
+-----------+------+-------+------------+-----------+-------+
| DSPs      |    0 |     0 |          0 |      1248 |  0.00 |
+-----------+------+-------+------------+-----------+-------+


4. I/O
------

+------------+------+-------+------------+-----------+-------+
|  Site Type | Used | Fixed | Prohibited | Available | Util% |
+------------+------+-------+------------+-----------+-------+
| Bonded IOB |  113 |     0 |          0 |       189 | 59.79 |
+------------+------+-------+------------+-----------+-------+


5. CLOCK
--------

+----------------------+------+-------+------------+-----------+-------+
|       Site Type      | Used | Fixed | Prohibited | Available | Util% |
+----------------------+------+-------+------------+-----------+-------+
| GLOBAL CLOCK BUFFERs |    4 |     0 |          0 |       352 |  1.14 |
|   BUFGCE             |    4 |     0 |          0 |       112 |  3.57 |
|   BUFGCE_DIV         |    0 |     0 |          0 |        16 |  0.00 |
|   BUFG_GT            |    0 |     0 |          0 |        96 |  0.00 |
|   BUFG_PS            |    0 |     0 |          0 |        96 |  0.00 |
|   BUFGCTRL*          |    0 |     0 |          0 |        32 |  0.00 |
| PLL                  |    0 |     0 |          0 |         8 |  0.00 |
| MMCM                 |    0 |     0 |          0 |         4 |  0.00 |
+----------------------+------+-------+------------+-----------+-------+
* Note: Each used BUFGCTRL counts as two GLOBAL CLOCK BUFFERs. This table does not include global clocking resources, only buffer cell usage. See the Clock Utilization Report (report_clock_utilization) for detailed accounting of global clocking resource availability.


6. ADVANCED
-----------

+-----------------+------+-------+------------+-----------+-------+
|    Site Type    | Used | Fixed | Prohibited | Available | Util% |
+-----------------+------+-------+------------+-----------+-------+
| GTHE4_CHANNEL   |    0 |     0 |          0 |         4 |  0.00 |
| GTHE4_COMMON    |    0 |     0 |          0 |         1 |  0.00 |
| OBUFDS_GTE4     |    0 |     0 |          0 |         2 |  0.00 |
| OBUFDS_GTE4_ADV |    0 |     0 |          0 |         2 |  0.00 |
| PCIE40E4        |    0 |     0 |          0 |         2 |  0.00 |
| PS8             |    0 |     0 |          0 |         1 |  0.00 |
| SYSMONE4        |    0 |     0 |          0 |         1 |  0.00 |
| VCU             |    0 |     0 |          0 |         1 |  0.00 |
+-----------------+------+-------+------------+-----------+-------+


7. CONFIGURATION
----------------

+-------------+------+-------+------------+-----------+-------+
|  Site Type  | Used | Fixed | Prohibited | Available | Util% |
+-------------+------+-------+------------+-----------+-------+
| BSCANE2     |    0 |     0 |          0 |         4 |  0.00 |
| DNA_PORTE2  |    0 |     0 |          0 |         1 |  0.00 |
| EFUSE_USR   |    0 |     0 |          0 |         1 |  0.00 |
| FRAME_ECCE4 |    0 |     0 |          0 |         1 |  0.00 |
| ICAPE3      |    0 |     0 |          0 |         2 |  0.00 |
| MASTER_JTAG |    0 |     0 |          0 |         1 |  0.00 |
| STARTUPE3   |    0 |     0 |          0 |         1 |  0.00 |
+-------------+------+-------+------------+-----------+-------+


8. Primitives
-------------

+----------+------+---------------------+
| Ref Name | Used | Functional Category |
+----------+------+---------------------+
| FDRE     | 9592 |            Register |
| LUT6     | 8618 |                 CLB |
| LUT4     | 4411 |                 CLB |
| LUT5     | 3317 |                 CLB |
| LUT3     | 2352 |                 CLB |
| LUT2     | 2131 |                 CLB |
| MUXF7    | 1292 |                 CLB |
| RAMS32   |  876 |                 CLB |
| MUXF8    |  545 |                 CLB |
| RAMD32   |  324 |                 CLB |
| LUT1     |  294 |                 CLB |
| LDCE     |  252 |            Register |
| FDSE     |  121 |            Register |
| CARRY8   |  109 |                 CLB |
| INBUF    |   81 |                 I/O |
| IBUFCTRL |   81 |              Others |
| RAMB36E2 |   51 |            BLOCKRAM |
| RAMS64E  |   32 |                 CLB |
| OBUF     |   32 |                 I/O |
| RAMD64E  |   30 |                 CLB |
| RAMB18E2 |   23 |            BLOCKRAM |
| BUFGCE   |    4 |               Clock |
| SRL16E   |    3 |                 CLB |
+----------+------+---------------------+


9. Black Boxes
--------------

+----------+------+
| Ref Name | Used |
+----------+------+


10. Instantiated Netlists
-------------------------

+----------+------+
| Ref Name | Used |
+----------+------+


