Vivado Simulator v2022.2
Copyright 1986-1999, 2001-2022 Xilinx, Inc. All Rights Reserved.
Running: D:/Apps/Xilinx/Vivado/2022.2/bin/unwrapped/win64.o/xelab.exe --incr --debug typical --relax --mt 2 -L xil_defaultlib -L unisims_ver -L unimacro_ver -L secureip --snapshot decap_tb_behav xil_defaultlib.decap_tb xil_defaultlib.glbl -log elaborate.log 
Using 2 slave threads.
Starting static elaboration
Pass Through NonSizing Optimizer
WARNING: [VRFC 10-3091] actual bit length 8 differs from formal bit length 9 for port 'u_addr_0' [C:/Users/THUAN/Downloads/decap/decap_tb.v:215]
WARNING: [VRFC 10-3091] actual bit length 8 differs from formal bit length 9 for port 'u_addr_1' [C:/Users/THUAN/Downloads/decap/decap_tb.v:216]
WARNING: [VRFC 10-3091] actual bit length 8 differs from formal bit length 9 for port 'v_addr_0' [C:/Users/THUAN/Downloads/decap/decap_tb.v:220]
WARNING: [VRFC 10-3091] actual bit length 8 differs from formal bit length 9 for port 'v_addr_1' [C:/Users/THUAN/Downloads/decap/decap_tb.v:221]
WARNING: [VRFC 10-3091] actual bit length 32 differs from formal bit length 128 for port 'decap_out' [C:/Users/THUAN/Downloads/decap/decap_tb.v:226]
WARNING: [VRFC 10-3091] actual bit length 32 differs from formal bit length 1 for port 'dout_ready_i' [C:/Users/THUAN/Downloads/decap/hqc_rmdecod_top.v:81]
WARNING: [VRFC 10-3091] actual bit length 32 differs from formal bit length 1 for port 'start' [C:/Users/THUAN/Downloads/decap/hqc_rsdecod_elp.v:92]
WARNING: [VRFC 10-3091] actual bit length 32 differs from formal bit length 1 for port 'start' [C:/Users/THUAN/Downloads/decap/hqc_rsdecod_elp.v:156]
WARNING: [VRFC 10-3091] actual bit length 32 differs from formal bit length 1 for port 'start' [C:/Users/THUAN/Downloads/decap/hqc_rsdecod_zpoly.v:101]
WARNING: [VRFC 10-3091] actual bit length 8 differs from formal bit length 32 for port 'dout_o' [C:/Users/THUAN/Downloads/decap/add_fft.v:81]
WARNING: [VRFC 10-3091] actual bit length 32 differs from formal bit length 1 for port 'start' [C:/Users/THUAN/Downloads/decap/fft_part1.v:143]
WARNING: [VRFC 10-3091] actual bit length 32 differs from formal bit length 1 for port 'start' [C:/Users/THUAN/Downloads/decap/fft_leaves_butterfly.v:70]
WARNING: [VRFC 10-3091] actual bit length 32 differs from formal bit length 1 for port 'start' [C:/Users/THUAN/Downloads/decap/fft_part2.v:147]
WARNING: [VRFC 10-3091] actual bit length 32 differs from formal bit length 1 for port 'start' [C:/Users/THUAN/Downloads/decap/hqc_rsdecod_err_val.v:176]
WARNING: [VRFC 10-3091] actual bit length 32 differs from formal bit length 1 for port 'start' [C:/Users/THUAN/Downloads/decap/hqc_rsdecod_err_val.v:187]
WARNING: [VRFC 10-3091] actual bit length 32 differs from formal bit length 2 for port 'encap_out_type' [C:/Users/THUAN/Downloads/decap/decap.v:526]
WARNING: [VRFC 10-3091] actual bit length 32 differs from formal bit length 1 for port 'encap_out_en' [C:/Users/THUAN/Downloads/decap/decap.v:528]
WARNING: [VRFC 10-3091] actual bit length 40 differs from formal bit length 8 for port 'encap_out_addr' [C:/Users/THUAN/Downloads/decap/decap.v:529]
WARNING: [VRFC 10-3091] actual bit length 368 differs from formal bit length 240 for port 'cdw_in' [C:/Users/THUAN/Downloads/decap/reed_solomon_encode.v:121]
WARNING: [VRFC 10-3091] actual bit length 32 differs from formal bit length 1 for port 'start' [C:/Users/THUAN/Downloads/decap/reed_solomon_encode.v:108]
WARNING: [VRFC 10-3091] actual bit length 32 differs from formal bit length 1 for port 'start' [C:/Users/THUAN/Downloads/decap/reed_muller_encode.v:80]
WARNING: [VRFC 10-3091] actual bit length 32 differs from formal bit length 1 for port 'wr_en' [C:/Users/THUAN/Downloads/decap/encrypt.v:383]
WARNING: [VRFC 10-3091] actual bit length 7 differs from formal bit length 16 for port 'loc_addr' [C:/Users/THUAN/Downloads/decap/encrypt.v:466]
WARNING: [VRFC 10-3091] actual bit length 32 differs from formal bit length 8 for port 'weight' [C:/Users/THUAN/Downloads/decap/encrypt.v:468]
WARNING: [VRFC 10-3091] actual bit length 32 differs from formal bit length 1 for port 'add_wr_en' [C:/Users/THUAN/Downloads/decap/encrypt.v:483]
WARNING: [VRFC 10-3091] actual bit length 9 differs from formal bit length 8 for port 'address_0' [C:/Users/THUAN/Downloads/decap/poly_mult.v:230]
WARNING: [VRFC 10-3091] actual bit length 9 differs from formal bit length 8 for port 'address_1' [C:/Users/THUAN/Downloads/decap/poly_mult.v:231]
WARNING: [VRFC 10-3091] actual bit length 32 differs from formal bit length 24 for port 'data_1' [C:/Users/THUAN/Downloads/decap/fixed_weight_ct.v:242]
WARNING: [VRFC 10-3091] actual bit length 32 differs from formal bit length 1 for port 'wren_1' [C:/Users/THUAN/Downloads/decap/fixed_weight_ct.v:246]
WARNING: [VRFC 10-3091] actual bit length 32 differs from formal bit length 128 for port 'data_0' [C:/Users/THUAN/Downloads/decap/decap_tb.v:361]
WARNING: [VRFC 10-3091] actual bit length 32 differs from formal bit length 128 for port 'data_1' [C:/Users/THUAN/Downloads/decap/decap_tb.v:362]
WARNING: [VRFC 10-3091] actual bit length 9 differs from formal bit length 8 for port 'address_0' [C:/Users/THUAN/Downloads/decap/decap_tb.v:363]
WARNING: [VRFC 10-3091] actual bit length 9 differs from formal bit length 8 for port 'address_1' [C:/Users/THUAN/Downloads/decap/decap_tb.v:364]
WARNING: [VRFC 10-3091] actual bit length 32 differs from formal bit length 1 for port 'wren_0' [C:/Users/THUAN/Downloads/decap/decap_tb.v:365]
WARNING: [VRFC 10-3091] actual bit length 32 differs from formal bit length 1 for port 'wren_1' [C:/Users/THUAN/Downloads/decap/decap_tb.v:366]
WARNING: [VRFC 10-3091] actual bit length 32 differs from formal bit length 128 for port 'data_0' [C:/Users/THUAN/Downloads/decap/decap_tb.v:375]
WARNING: [VRFC 10-3091] actual bit length 32 differs from formal bit length 128 for port 'data_1' [C:/Users/THUAN/Downloads/decap/decap_tb.v:376]
WARNING: [VRFC 10-3091] actual bit length 9 differs from formal bit length 8 for port 'address_0' [C:/Users/THUAN/Downloads/decap/decap_tb.v:377]
WARNING: [VRFC 10-3091] actual bit length 9 differs from formal bit length 8 for port 'address_1' [C:/Users/THUAN/Downloads/decap/decap_tb.v:378]
WARNING: [VRFC 10-3091] actual bit length 32 differs from formal bit length 1 for port 'wren_0' [C:/Users/THUAN/Downloads/decap/decap_tb.v:379]
WARNING: [VRFC 10-3091] actual bit length 32 differs from formal bit length 1 for port 'wren_1' [C:/Users/THUAN/Downloads/decap/decap_tb.v:380]
WARNING: [VRFC 10-3091] actual bit length 32 differs from formal bit length 128 for port 'data_0' [C:/Users/THUAN/Downloads/decap/decap_tb.v:409]
WARNING: [VRFC 10-3091] actual bit length 32 differs from formal bit length 128 for port 'data_1' [C:/Users/THUAN/Downloads/decap/decap_tb.v:410]
WARNING: [VRFC 10-3091] actual bit length 32 differs from formal bit length 1 for port 'wren_0' [C:/Users/THUAN/Downloads/decap/decap_tb.v:413]
WARNING: [VRFC 10-3091] actual bit length 32 differs from formal bit length 1 for port 'wren_1' [C:/Users/THUAN/Downloads/decap/decap_tb.v:414]
WARNING: [VRFC 10-3091] actual bit length 32 differs from formal bit length 128 for port 'data_0' [C:/Users/THUAN/Downloads/decap/decap_tb.v:421]
WARNING: [VRFC 10-3091] actual bit length 32 differs from formal bit length 128 for port 'data_1' [C:/Users/THUAN/Downloads/decap/decap_tb.v:422]
WARNING: [VRFC 10-3091] actual bit length 32 differs from formal bit length 1 for port 'wren_0' [C:/Users/THUAN/Downloads/decap/decap_tb.v:425]
WARNING: [VRFC 10-3091] actual bit length 32 differs from formal bit length 1 for port 'wren_1' [C:/Users/THUAN/Downloads/decap/decap_tb.v:426]
WARNING: [VRFC 10-3091] actual bit length 32 differs from formal bit length 1 for port 'wr_en' [C:/Users/THUAN/Downloads/decap/decap_tb.v:440]
WARNING: [VRFC 10-3091] actual bit length 32 differs from formal bit length 15 for port 'data' [C:/Users/THUAN/Downloads/decap/decap_tb.v:452]
WARNING: [VRFC 10-3091] actual bit length 32 differs from formal bit length 1 for port 'wr_en' [C:/Users/THUAN/Downloads/decap/decap_tb.v:454]
WARNING: [VRFC 10-8864] concatenation with an unsized literal will be treated as 32 bits [C:/Users/THUAN/Downloads/decap/decap.v:529]
WARNING: [VRFC 10-5021] port 'shake_force_done_ack' is not connected on this instance [C:/Users/THUAN/Downloads/decap/decap.v:500]
WARNING: [VRFC 10-8864] concatenation with an unsized literal will be treated as 32 bits [C:/Users/THUAN/Downloads/decap/encap.v:246]
WARNING: [VRFC 10-8864] concatenation with an unsized literal will be treated as 32 bits [C:/Users/THUAN/Downloads/decap/encap.v:247]
WARNING: [VRFC 10-8864] concatenation with an unsized literal will be treated as 32 bits [C:/Users/THUAN/Downloads/decap/encap.v:544]
WARNING: [VRFC 10-5021] port 'rst' is not connected on this instance [C:/Users/THUAN/Downloads/decap/reed_muller_encode.v:77]
Completed static elaboration
Starting simulation data flow analysis
WARNING: [XSIM 43-4099] "C:/Users/THUAN/Downloads/decap/add_fft.v" Line 15. Module add_fft doesn't have a timescale but at least one module in design has a timescale.
WARNING: [XSIM 43-4099] "C:/Users/THUAN/Downloads/decap/add_fft.v" Line 15. Module add_fft doesn't have a timescale but at least one module in design has a timescale.
Completed simulation data flow analysis
Time Resolution for simulation is 1ps
Compiling module xil_defaultlib.mem_single(WIDTH=32,DEPTH=16)
Compiling module xil_defaultlib.xor_based_adder(parameter_set="h...
Compiling module xil_defaultlib.v_minus_uy(parameter_set="hqc128...
Compiling module xil_defaultlib.hqc_rmdecod_expnsum_default
Compiling module xil_defaultlib.syncfifo(DW=4,AW=5)
Compiling module xil_defaultlib.hadamard_layer_default
Compiling module xil_defaultlib.syncfifo(DW=5,AW=5)
Compiling module xil_defaultlib.hadamard_layer(NN=4)
Compiling module xil_defaultlib.syncfifo(DW=6,AW=5)
Compiling module xil_defaultlib.hadamard_layer(NN=5)
Compiling module xil_defaultlib.syncfifo(DW=7,AW=5)
Compiling module xil_defaultlib.hadamard_layer(NN=6)
Compiling module xil_defaultlib.syncfifo(DW=8,AW=5)
Compiling module xil_defaultlib.hadamard_layer(NN=7)
Compiling module xil_defaultlib.syncfifo(DW=9,AW=5)
Compiling module xil_defaultlib.hadamard_layer(NN=8)
Compiling module xil_defaultlib.syncfifo(DW=10,AW=5)
Compiling module xil_defaultlib.hadamard_layer(NN=9)
Compiling module xil_defaultlib.hqc_rmdecod_hadamard_default
Compiling module xil_defaultlib.findpeaks_core(DOUT_W=7)
Compiling module xil_defaultlib.hqc_rmdecod_findpeaks_default
Compiling module xil_defaultlib.hqc_rmdecod_ctrl_default
Compiling module xil_defaultlib.hqc_rmdecod_top_default
Compiling module xil_defaultlib.gfmul(REG_IN=0)
Compiling module xil_defaultlib.hqc_rsdecod_syndromes_default
Compiling module xil_defaultlib.gfmul(REG_IN=0,REG_OUT=0)
Compiling module xil_defaultlib.hqc_rsdecod_elp_default
Compiling module xil_defaultlib.hqc_rsdecod_zpoly_default
Compiling module xil_defaultlib.fft_part1(DIN_W=256)
Compiling module xil_defaultlib.fft_leaves_butterfly
Compiling module xil_defaultlib.syncfifo(DW=8,AW=4)
Compiling module xil_defaultlib.fft_part2_round_default
Compiling module xil_defaultlib.fft_part2_round(ROUND=1)
Compiling module xil_defaultlib.syncfifo(DW=8,AW=6)
Compiling module xil_defaultlib.fft_part2_round(ROUND=2)
Compiling module xil_defaultlib.syncfifo(DW=8)
Compiling module xil_defaultlib.fft_part2_round(ROUND=3)
Compiling module xil_defaultlib.fft_part2_default
Compiling module xil_defaultlib.add_fft
Compiling module xil_defaultlib.fft_retrieve_error_poly_default
Compiling module xil_defaultlib.hqc_rsdecod_roots_default
Compiling module xil_defaultlib.hqc_rsdecod_err_val_default
Compiling module xil_defaultlib.hqc_rsdecod_top_default
Compiling module xil_defaultlib.hqc_decod_top_default
Compiling module xil_defaultlib.decrypt_default
Compiling module xil_defaultlib.mem_single(WIDTH=32,DEPTH=4)
Compiling module xil_defaultlib.mem_single(WIDTH=32,DEPTH=10)
Compiling module xil_defaultlib.mem_dual(WIDTH=24,DEPTH=450)
Compiling module xil_defaultlib.hqc_barrett_red_default
Compiling module xil_defaultlib.mem_single(WIDTH=15,DEPTH=75)
Compiling module xil_defaultlib.mem_dual(WIDTH=32,DEPTH=553)
Compiling module xil_defaultlib.onegen_ct(E0_DEPTH=553,DEPTH=553...
Compiling module xil_defaultlib.fixed_weight_ct(parameter_set="h...
Compiling module xil_defaultlib.gf_mul_default
Compiling module xil_defaultlib.cdw_xor_tmp_default
Compiling module xil_defaultlib.reed_solomon_encode_default
Compiling module xil_defaultlib.rm_encoder
Compiling module xil_defaultlib.mem_single(WIDTH=128,DEPTH=46)
Compiling module xil_defaultlib.reed_muller_encode_default
Compiling module xil_defaultlib.concat_code(parameter_set="hqc12...
Compiling module xil_defaultlib.mem_single(WIDTH=128,DEPTH=139)
Compiling module xil_defaultlib.mem_dual(WIDTH=128,DEPTH=139)
Compiling module xil_defaultlib.poly_mult(MAX_WEIGHT=75,N=17669,...
Compiling module xil_defaultlib.loc_based_adder(N=17669,WEIGHT=7...
Compiling module xil_defaultlib.encrypt(parameter_set="hqc128",C...
Compiling module xil_defaultlib.mod34
Compiling module xil_defaultlib.mem_single(WIDTH=32,DEPTH=1143)
Compiling module xil_defaultlib.encap_default
Compiling module xil_defaultlib.decap_default
Compiling module xil_defaultlib.control_path
Compiling module xil_defaultlib.rc
Compiling module xil_defaultlib.transform
Compiling module xil_defaultlib.stateram_inference_default
Compiling module xil_defaultlib.stateram_inference(i=1)
Compiling module xil_defaultlib.stateram_inference(i=2)
Compiling module xil_defaultlib.stateram_inference(i=3)
Compiling module xil_defaultlib.stateram_inference(i=4)
Compiling module xil_defaultlib.stateram_inference(i=5)
Compiling module xil_defaultlib.stateram_inference(i=6)
Compiling module xil_defaultlib.stateram_inference(i=7)
Compiling module xil_defaultlib.stateram_inference(i=8)
Compiling module xil_defaultlib.stateram_inference(i=9)
Compiling module xil_defaultlib.stateram_inference(i=10)
Compiling module xil_defaultlib.stateram_inference(i=11)
Compiling module xil_defaultlib.stateram_inference(i=12)
Compiling module xil_defaultlib.stateram_inference(i=13)
Compiling module xil_defaultlib.stateram_inference(i=14)
Compiling module xil_defaultlib.stateram_inference(i=15)
Compiling module xil_defaultlib.stateram_inference(i=16)
Compiling module xil_defaultlib.stateram_inference(i=17)
Compiling module xil_defaultlib.stateram_inference(i=18)
Compiling module xil_defaultlib.stateram_inference(i=19)
Compiling module xil_defaultlib.stateram_inference(i=20)
Compiling module xil_defaultlib.stateram_inference(i=21)
Compiling module xil_defaultlib.stateram_inference(i=22)
Compiling module xil_defaultlib.stateram_inference(i=23)
Compiling module xil_defaultlib.stateram_inference(i=24)
Compiling module xil_defaultlib.state_ram_default
Compiling module xil_defaultlib.data_path_default
Compiling module xil_defaultlib.keccak_top
Compiling module xil_defaultlib.mem_dual(WIDTH=128,DEPTH=139,FIL...
Compiling module xil_defaultlib.mem_dual(WIDTH=128,DEPTH=139,FIL...
Compiling module xil_defaultlib.mem_dual(WIDTH=128,DEPTH=139,FIL...
Compiling module xil_defaultlib.mem_dual(WIDTH=128,DEPTH=139,FIL...
Compiling module xil_defaultlib.mem_single(WIDTH=32,DEPTH=16,FIL...
Compiling module xil_defaultlib.mem_single(WIDTH=15,DEPTH=66,FIL...
Compiling module xil_defaultlib.decap_tb
Compiling module xil_defaultlib.glbl
Built simulation snapshot decap_tb_behav
